** Drc report for Device1.kicad_pcb **
** Created on 2026-09-20T12:30:52 **
** Report includes: Errors, Warnings, Exclusions **

** Found 251 DRC violations **
[tracks_crossing]: Tracks crossing
    Local override; error
    @(12.7150 mm, 6.2000 mm): Track [/VBUS_5V] on F.Cu, length 7.3000 mm
    @(12.7150 mm, 10.2500 mm): Track [/3V3] on F.Cu, length 1.2500 mm
[tracks_crossing]: Tracks crossing
    Local override; error
    @(3.2000 mm, 11.2500 mm): Track [/3V3] on F.Cu, length 2.2500 mm
    @(4.0625 mm, 11.7500 mm): Track [/VDDRF1V55] on F.Cu, length 1.0625 mm
[shorting_items]: Items shorting two nets (nets /VBUS_5V and /3V3)
    Local override; error
    @(12.7150 mm, 6.2000 mm): Track [/VBUS_5V] on F.Cu, length 7.3000 mm
    @(12.7200 mm, 5.5000 mm): Track [/3V3] on F.Cu, length 2.0000 mm
[shorting_items]: Items shorting two nets (nets /3V3 and /GND)
    Local override; error
    @(1.3200 mm, 28.5000 mm): Track [/3V3] on F.Cu, length 1.8000 mm
    @(2.2800 mm, 28.5000 mm): Pad 2 [/GND] of C16 on F.Cu
[clearance]: Clearance violation ( clearance 0.2000 mm; actual 0.1250 mm)
    Local override; error
    @(4.0625 mm, 9.7500 mm): Track [/3V3] on F.Cu, length 0.8625 mm
    @(2.5000 mm, 9.9500 mm): Pad 3 [/OSC_OUT] of Y1 on F.Cu
[clearance]: Clearance violation ( clearance 0.2000 mm; actual 0.0500 mm)
    Local override; error
    @(3.2000 mm, 13.5000 mm): Track [/3V3] on F.Cu, length 0.9200 mm
    @(4.0625 mm, 13.7500 mm): Track [/MIC_SD] on F.Cu, length 2.0625 mm
[clearance]: Clearance violation ( clearance 0.2000 mm; actual 0.1250 mm)
    Local override; error
    @(3.2000 mm, 9.7500 mm): Track [/3V3] on F.Cu, length 1.5000 mm
    @(2.5000 mm, 9.9500 mm): Pad 3 [/OSC_OUT] of Y1 on F.Cu
[clearance]: Clearance violation ( clearance 0.2000 mm; actual 0.0750 mm)
    Local override; error
    @(0.5000 mm, 26.2000 mm): Track [/MIC_SD] on In2.Cu, length 6.1000 mm
    @(3.1150 mm, 26.5000 mm): Track [/3V3] on In2.Cu, length 6.6850 mm
[clearance]: Clearance violation ( clearance 0.2000 mm; actual 0.1250 mm)
    Local override; error
    @(2.5000 mm, 11.0500 mm): Pad 2 [/GND] of Y1 on F.Cu
    @(3.2000 mm, 11.2500 mm): Track [/3V3] on F.Cu, length 0.8625 mm
[tracks_crossing]: Tracks crossing
    Local override; error
    @(12.7150 mm, 6.2000 mm): Track [/VBUS_5V] on F.Cu, length 7.3000 mm
    @(12.7200 mm, 9.5000 mm): Track [/3V3] on F.Cu, length 0.7500 mm
[shorting_items]: Items shorting two nets (nets /GND and /LED_B_DRV)
    Local override; error
    @(14.3000 mm, 13.5000 mm): Via [/GND] on F.Cu - B.Cu
    @(14.5000 mm, 5.2000 mm): Track [/LED_B_DRV] on In2.Cu, length 23.1000 mm
[clearance]: Clearance violation ( clearance 0.2000 mm; actual 0.0300 mm)
    Local override; error
    @(5.2000 mm, 8.5100 mm): Pad 1 [/BOOT0] of R1 on F.Cu
    @(4.7500 mm, 8.5000 mm): Track [/VR_PA] on F.Cu, length 0.4700 mm
[clearance]: Clearance violation ( clearance 0.2000 mm; actual 0.0750 mm)
    Local override; error
    @(10.5000 mm, 16.0200 mm): Pad 2 [/GND] of C12 on F.Cu
    @(10.5000 mm, 16.5000 mm): Track [/VLXSMPS] on F.Cu, length 0.4800 mm
[clearance]: Clearance violation ( clearance 0.2000 mm; actual 0.0300 mm)
    Local override; error
    @(4.7500 mm, 9.0625 mm): Track [/VR_PA] on F.Cu, length 0.5625 mm
    @(5.2000 mm, 8.5100 mm): Pad 1 [/BOOT0] of R1 on F.Cu
[shorting_items]: Items shorting two nets (nets /3V3 and /VBUS_5V)
    Local override; error
    @(12.7150 mm, 10.2500 mm): Track [/3V3] on F.Cu, length 1.7775 mm
    @(12.7150 mm, 6.2000 mm): Track [/VBUS_5V] on F.Cu, length 7.3000 mm
[shorting_items]: Items shorting two nets (nets /GND and /VBUS_5V)
    Local override; error
    @(13.1375 mm, 19.0500 mm): Pad 5 [/GND] of U2 on F.Cu
    @(12.7200 mm, 15.5000 mm): Track [/VBUS_5V] on F.Cu, length 5.4500 mm
[clearance]: Clearance violation ( clearance 0.2000 mm; actual 0.0750 mm)
    Local override; error
    @(10.5000 mm, 16.0200 mm): Pad 2 [/GND] of C12 on F.Cu
    @(9.7500 mm, 16.5000 mm): Track [/VLXSMPS] on F.Cu, length 0.7500 mm
[shorting_items]: Items shorting two nets (nets /VBUS_5V and /3V3)
    Local override; error
    @(12.7150 mm, 6.2000 mm): Track [/VBUS_5V] on F.Cu, length 7.3000 mm
    @(12.7200 mm, 9.5000 mm): Pad 1 [/3V3] of C5 on F.Cu
[shorting_items]: Items shorting two nets (nets /VBUS_5V and /SYS_PWR)
    Local override; error
    @(11.0500 mm, 24.0000 mm): Track [/VBUS_5V] on F.Cu, length 1.5000 mm
    @(11.0625 mm, 24.9500 mm): Pad 2 [/SYS_PWR] of Q2 on F.Cu
[shorting_items]: Items shorting two nets (nets /VBAT_PROT and /GND)
    Local override; error
    @(10.8630 mm, 21.0000 mm): Track [/VBAT_PROT] on F.Cu, length 2.1430 mm
    @(9.6800 mm, 21.0000 mm): Pad 2 [/GND] of C17 on F.Cu
[tracks_crossing]: Tracks crossing
    Local override; error
    @(12.9380 mm, 22.0000 mm): Track [/VBAT_PROT] on F.Cu, length 2.0000 mm
    @(13.1370 mm, 23.0500 mm): Track [/VBUS_5V] on F.Cu, length 2.0745 mm
[shorting_items]: Items shorting two nets (nets /VBAT_PROT and /VBUS_5V)
    Local override; error
    @(10.8630 mm, 22.0000 mm): Track [/VBAT_PROT] on F.Cu, length 2.0750 mm
    @(13.1375 mm, 20.9500 mm): Track [/VBUS_5V] on F.Cu, length 2.1000 mm
[shorting_items]: Items shorting two nets (nets /SYS_PWR and /GND)
    Local override; error
    @(1.8630 mm, 17.5000 mm): Via [/SYS_PWR] on F.Cu - B.Cu
    @(2.2800 mm, 17.5000 mm): Pad 2 [/GND] of C9 on F.Cu
[shorting_items]: Items shorting two nets (nets /GND and /SYS_PWR)
    Local override; error
    @(2.2800 mm, 17.5000 mm): Pad 2 [/GND] of C9 on F.Cu
    @(1.8630 mm, 17.5000 mm): Track [/SYS_PWR] on F.Cu, length 0.5430 mm
[shorting_items]: Items shorting two nets (nets /BATT_NEG and /SYS_PWR)
    Local override; error
    @(8.6375 mm, 24.9500 mm): Pad 4 [/BATT_NEG] of Q1 on F.Cu
    @(8.9500 mm, 25.5000 mm): Track [/SYS_PWR] on F.Cu, length 1.0000 mm
[shorting_items]: Items shorting two nets (nets /BATT_NEG and /SYS_PWR)
    Local override; error
    @(8.6375 mm, 24.9500 mm): Pad 4 [/BATT_NEG] of Q1 on F.Cu
    @(8.9500 mm, 24.5000 mm): Via [/SYS_PWR] on F.Cu - B.Cu
[shorting_items]: Items shorting two nets (nets /GND and /SYS_PWR)
    Local override; error
    @(1.8625 mm, 20.0000 mm): Pad 2 [/GND] of U5 on F.Cu
    @(1.8625 mm, 19.0500 mm): Track [/SYS_PWR] on F.Cu, length 1.9000 mm
[shorting_items]: Items shorting two nets (nets /SYS_PWR and /GND)
    Local override; error
    @(1.8630 mm, 17.5000 mm): Track [/SYS_PWR] on F.Cu, length 1.5500 mm
    @(2.2800 mm, 17.5000 mm): Pad 2 [/GND] of C9 on F.Cu
[clearance]: Clearance violation ( clearance 0.2000 mm; actual 0.0370 mm)
    Local override; error
    @(1.8630 mm, 17.5000 mm): Via [/SYS_PWR] on F.Cu - B.Cu
    @(2.5000 mm, 17.5000 mm): Via [/GND] on F.Cu - B.Cu
[clearance]: Clearance violation ( clearance 0.2000 mm; actual 0.0750 mm)
    Local override; error
    @(8.6375 mm, 24.9500 mm): Pad 4 [/BATT_NEG] of Q1 on F.Cu
    @(10.0000 mm, 25.5000 mm): Track [/SYS_PWR] on F.Cu, length 1.0500 mm
[clearance]: Clearance violation ( clearance 0.2000 mm; actual 0.1500 mm)
    Local override; error
    @(11.0625 mm, 24.9500 mm): Track [/SYS_PWR] on F.Cu, length 1.0625 mm
    @(11.0500 mm, 25.5000 mm): Pad 2 [/VBUS_5V] of D1 on F.Cu
[clearance]: Clearance violation ( clearance 0.2000 mm; actual 0.1433 mm)
    Local override; error
    @(9.5000 mm, 24.0000 mm): Via [/GATE_OC] on F.Cu - B.Cu
    @(8.9500 mm, 24.5000 mm): Via [/SYS_PWR] on F.Cu - B.Cu
[clearance]: Clearance violation ( clearance 0.2000 mm; actual 0.0370 mm)
    Local override; error
    @(1.8630 mm, 17.5000 mm): Via [/SYS_PWR] on F.Cu - B.Cu
    @(2.5000 mm, 17.5000 mm): Via [/GND] on F.Cu - B.Cu
[clearance]: Clearance violation ( clearance 0.2000 mm; actual 0.0370 mm)
    Local override; error
    @(1.8630 mm, 17.5000 mm): Via [/SYS_PWR] on F.Cu - B.Cu
    @(2.5000 mm, 17.5000 mm): Via [/GND] on F.Cu - B.Cu
[clearance]: Clearance violation ( clearance 0.2000 mm; actual 0.1433 mm)
    Local override; error
    @(9.5000 mm, 24.0000 mm): Via [/GATE_OC] on F.Cu - B.Cu
    @(8.9500 mm, 24.5000 mm): Via [/SYS_PWR] on F.Cu - B.Cu
[clearance]: Clearance violation ( clearance 0.2000 mm; actual 0.0900 mm)
    Local override; error
    @(5.2500 mm, 6.3150 mm): Pad 2 [/RF_50OHM] of L1 on F.Cu
    @(5.2500 mm, 6.8000 mm): Track [/RFO_HP] on F.Cu, length 0.9700 mm
[shorting_items]: Items shorting two nets (nets /RFO_HP and /GND)
    Local override; error
    @(5.2500 mm, 9.0625 mm): Track [/RFO_HP] on F.Cu, length 1.7775 mm
    @(5.2000 mm, 7.4900 mm): Pad 2 [/GND] of R1 on F.Cu
[clearance]: Clearance violation ( clearance 0.2000 mm; actual 0.1860 mm)
    Local override; error
    @(2.5000 mm, 11.0500 mm): Pad 2 [/GND] of Y1 on F.Cu
    @(4.0625 mm, 10.7500 mm): Track [/OSC_OUT] on F.Cu, length 0.8625 mm
[clearance]: Clearance violation ( clearance 0.2000 mm; actual 0.0525 mm)
    Local override; error
    @(3.2000 mm, 10.7500 mm): Track [/OSC_OUT] on F.Cu, length 0.8322 mm
    @(2.5000 mm, 11.0500 mm): Pad 2 [/GND] of Y1 on F.Cu
[shorting_items]: Items shorting two nets (nets /OSC_OUT and /OSC_IN)
    Local override; error
    @(2.5000 mm, 9.9500 mm): Pad 3 [/OSC_OUT] of Y1 on F.Cu
    @(4.0625 mm, 10.2500 mm): Track [/OSC_IN] on F.Cu, length 1.0625 mm
[shorting_items]: Items shorting two nets (nets /OSC_IN and /OSC_OUT)
    Local override; error
    @(3.0000 mm, 10.2500 mm): Track [/OSC_IN] on F.Cu, length 1.4422 mm
    @(2.5000 mm, 9.9500 mm): Pad 3 [/OSC_OUT] of Y1 on F.Cu
[clearance]: Clearance violation ( clearance 0.2000 mm; actual 0.1750 mm)
    Local override; error
    @(2.5000 mm, 11.0500 mm): Pad 2 [/GND] of Y1 on F.Cu
    @(1.8000 mm, 11.0500 mm): Track [/OSC_IN] on F.Cu, length 0.7000 mm
[clearance]: Clearance violation ( clearance 0.2000 mm; actual 0.1277 mm)
    Local override; error
    @(6.2500 mm, 9.0625 mm): Pad 21 [<no net>] of U1 on F.Cu
    @(7.7500 mm, 8.5000 mm): Track [/NRST] on F.Cu, length 1.2500 mm
[clearance]: Clearance violation ( clearance 0.2000 mm; actual 0.1277 mm)
    Local override; error
    @(6.2500 mm, 9.0625 mm): Pad 21 [<no net>] of U1 on F.Cu
    @(6.5000 mm, 8.5000 mm): Track [/NRST] on F.Cu, length 0.0200 mm
[clearance]: Clearance violation ( clearance 0.2000 mm; actual 0.1433 mm)
    Local override; error
    @(9.5000 mm, 24.0000 mm): Via [/GATE_OC] on F.Cu - B.Cu
    @(8.9500 mm, 24.5000 mm): Via [/SYS_PWR] on F.Cu - B.Cu
[clearance]: Clearance violation ( clearance 0.2000 mm; actual 0.1455 mm)
    Local override; error
    @(3.0000 mm, 13.2500 mm): Via [/MIC_WS] on F.Cu - B.Cu
    @(2.2800 mm, 13.5000 mm): Pad 1 [/3V3] of C1 on F.Cu
[tracks_crossing]: Tracks crossing
    Local override; error
    @(0.5000 mm, 26.2000 mm): Track [/MIC_SD] on In2.Cu, length 6.1000 mm
    @(0.9000 mm, 13.2500 mm): Track [/MIC_WS] on In2.Cu, length 13.8860 mm
[tracks_crossing]: Tracks crossing
    Local override; error
    @(0.9000 mm, 13.2500 mm): Track [/MIC_WS] on In2.Cu, length 13.8860 mm
    @(2.0000 mm, 13.7500 mm): Track [/MIC_SD] on In2.Cu, length 1.5000 mm
[shorting_items]: Items shorting two nets (nets /NRST and /GND)
    Local override; error
    @(6.5000 mm, 8.4800 mm): Track [/NRST] on F.Cu, length 2.2800 mm
    @(6.5000 mm, 7.5200 mm): Pad 2 [/GND] of C11 on F.Cu
[clearance]: Clearance violation ( clearance 0.2000 mm; actual 0.1059 mm)
    Local override; error
    @(1.3200 mm, 13.5000 mm): Pad 2 [/GND] of C1 on F.Cu
    @(2.0000 mm, 13.7500 mm): Via [/MIC_SD] on F.Cu - B.Cu
[clearance]: Clearance violation ( clearance 0.2000 mm; actual 0.1064 mm)
    Local override; error
    @(3.0000 mm, 13.2500 mm): Via [/MIC_WS] on F.Cu - B.Cu
    @(4.7500 mm, 16.7000 mm): Track [/3V3] on In2.Cu, length 4.9490 mm
[clearance]: Clearance violation ( clearance 0.2000 mm; actual 0.1860 mm)
    Local override; error
    @(3.1150 mm, 26.5000 mm): Track [/3V3] on In2.Cu, length 6.6850 mm
    @(5.5000 mm, 27.1360 mm): Via [/MIC_WS] on F.Cu - B.Cu
[clearance]: Clearance violation ( clearance 0.2000 mm; actual 0.0829 mm)
    Local override; error
    @(9.9900 mm, 29.2000 mm): Pad 1 [/LED_B_DRV] of R7 on F.Cu
    @(9.8000 mm, 28.5000 mm): Via [/MIC_SCK] on F.Cu - B.Cu
[shorting_items]: Items shorting two nets (nets /3V3 and /MIC_SD)
    Local override; error
    @(2.2800 mm, 13.5000 mm): Pad 1 [/3V3] of C1 on F.Cu
    @(4.0625 mm, 13.7500 mm): Track [/MIC_SD] on F.Cu, length 2.0625 mm
[shorting_items]: Items shorting two nets (nets /MIC_SD and /3V3)
    Local override; error
    @(6.6000 mm, 26.2000 mm): Via [/MIC_SD] on F.Cu - B.Cu
    @(3.1150 mm, 26.5000 mm): Track [/3V3] on In2.Cu, length 6.6850 mm
[tracks_crossing]: Tracks crossing
    Local override; error
    @(13.8000 mm, 9.0000 mm): Track [/LED_R_DRV] on In2.Cu, length 17.5000 mm
    @(14.2000 mm, 26.5000 mm): Track [/MIC_SCK] on In2.Cu, length 4.4000 mm
[clearance]: Clearance violation ( clearance 0.2000 mm; actual 0.0714 mm)
    Local override; error
    @(9.8000 mm, 27.1360 mm): Via [/3V3] on F.Cu - B.Cu
    @(10.0150 mm, 26.5000 mm): Via [/LED_R_DRV] on F.Cu - B.Cu
[clearance]: Clearance violation ( clearance 0.2000 mm; actual 0.1250 mm)
    Local override; error
    @(3.0000 mm, 13.2500 mm): Track [/MIC_WS] on In2.Cu, length 2.1000 mm
    @(2.0000 mm, 13.7500 mm): Via [/MIC_SD] on F.Cu - B.Cu
[clearance]: Clearance violation ( clearance 0.2000 mm; actual 0.0714 mm)
    Local override; error
    @(9.8000 mm, 27.1360 mm): Via [/3V3] on F.Cu - B.Cu
    @(10.0150 mm, 26.5000 mm): Via [/LED_R_DRV] on F.Cu - B.Cu
[shorting_items]: Items shorting two nets (nets /LED_B_DRV and /MIC_SCK)
    Local override; error
    @(14.5000 mm, 28.3000 mm): Track [/LED_B_DRV] on In2.Cu, length 4.4850 mm
    @(9.8000 mm, 28.5000 mm): Via [/MIC_SCK] on F.Cu - B.Cu
[clearance]: Clearance violation ( clearance 0.2000 mm; actual 0.0650 mm)
    Local override; error
    @(9.8000 mm, 26.5000 mm): Track [/MIC_SCK] on In2.Cu, length 2.0000 mm
    @(13.8000 mm, 26.5000 mm): Track [/LED_R_DRV] on In2.Cu, length 3.7850 mm
[clearance]: Clearance violation ( clearance 0.2000 mm; actual 0.0714 mm)
    Local override; error
    @(9.8000 mm, 27.1360 mm): Via [/3V3] on F.Cu - B.Cu
    @(10.0150 mm, 26.5000 mm): Via [/LED_R_DRV] on F.Cu - B.Cu
[shorting_items]: Items shorting two nets (nets /3V3 and /LED_R_DRV)
    Local override; error
    @(3.1150 mm, 26.5000 mm): Track [/3V3] on In2.Cu, length 6.6850 mm
    @(10.0150 mm, 26.5000 mm): Via [/LED_R_DRV] on F.Cu - B.Cu
[tracks_crossing]: Tracks crossing
    Local override; error
    @(10.8000 mm, 5.2000 mm): Track [/LED_B_DRV] on In2.Cu, length 3.7000 mm
    @(14.2000 mm, 4.8000 mm): Track [/MIC_SCK] on In2.Cu, length 21.7000 mm
[clearance]: Clearance violation ( clearance 0.2000 mm; actual 0.1500 mm)
    Local override; error
    @(14.2000 mm, 4.8000 mm): Track [/MIC_SCK] on In2.Cu, length 21.7000 mm
    @(14.5000 mm, 5.2000 mm): Track [/LED_B_DRV] on In2.Cu, length 23.1000 mm
[clearance]: Clearance violation ( clearance 0.2000 mm; actual 0.0650 mm)
    Local override; error
    @(9.8000 mm, 26.5000 mm): Track [/MIC_SCK] on In2.Cu, length 2.0000 mm
    @(14.5000 mm, 28.3000 mm): Track [/LED_B_DRV] on In2.Cu, length 4.4850 mm
[shorting_items]: Items shorting two nets (nets /MIC_SCK and /LED_B_DRV)
    Local override; error
    @(9.8000 mm, 28.5000 mm): Via [/MIC_SCK] on F.Cu - B.Cu
    @(10.0150 mm, 28.3000 mm): Via [/LED_B_DRV] on F.Cu - B.Cu
[clearance]: Clearance violation ( clearance 0.2000 mm; actual 0.0594 mm)
    Local override; error
    @(9.8000 mm, 28.5000 mm): Track [/MIC_SCK] on F.Cu, length 0.6000 mm
    @(10.0150 mm, 28.3000 mm): Track [/LED_B_DRV] on F.Cu, length 0.9003 mm
[shorting_items]: Items shorting two nets (nets /GND and /MIC_SD)
    Local override; error
    @(0.7000 mm, 13.5000 mm): Via [/GND] on F.Cu - B.Cu
    @(2.0000 mm, 13.7500 mm): Track [/MIC_SD] on In2.Cu, length 1.5000 mm
[shorting_items]: Items shorting two nets (nets /VDDRF1V55 and /GND)
    Local override; error
    @(2.2800 mm, 12.0000 mm): Pad 1 [/VDDRF1V55] of C7 on F.Cu
    @(2.5000 mm, 11.4000 mm): Via [/GND] on F.Cu - B.Cu
[shorting_items]: Items shorting two nets (nets /GND and /LED_B_DRV)
    Local override; error
    @(14.3000 mm, 15.5000 mm): Via [/GND] on F.Cu - B.Cu
    @(14.5000 mm, 5.2000 mm): Track [/LED_B_DRV] on In2.Cu, length 23.1000 mm
[shorting_items]: Items shorting two nets (nets /VBAT_PROT and /GND)
    Local override; error
    @(12.9380 mm, 22.0000 mm): Track [/VBAT_PROT] on F.Cu, length 2.0000 mm
    @(13.2000 mm, 22.8000 mm): Via [/GND] on F.Cu - B.Cu
[shorting_items]: Items shorting two nets (nets /LED_B_DRV and /GND)
    Local override; error
    @(14.5000 mm, 28.3000 mm): Track [/LED_B_DRV] on In2.Cu, length 4.4850 mm
    @(13.8000 mm, 28.1500 mm): Via [/GND] on F.Cu - B.Cu
[shorting_items]: Items shorting two nets (nets /MIC_SCK and /LED_B_DRV)
    Local override; error
    @(9.8000 mm, 28.5000 mm): Via [/MIC_SCK] on F.Cu - B.Cu
    @(10.0150 mm, 28.3000 mm): Via [/LED_B_DRV] on F.Cu - B.Cu
[shorting_items]: Items shorting two nets (nets /VBAT_PROT and /GND)
    Local override; error
    @(10.8630 mm, 21.0000 mm): Track [/VBAT_PROT] on F.Cu, length 2.1430 mm
    @(9.9000 mm, 21.0000 mm): Via [/GND] on F.Cu - B.Cu
[shorting_items]: Items shorting two nets (nets /MIC_SCK and /LED_B_DRV)
    Local override; error
    @(9.8000 mm, 28.5000 mm): Via [/MIC_SCK] on F.Cu - B.Cu
    @(10.0150 mm, 28.3000 mm): Via [/LED_B_DRV] on F.Cu - B.Cu
[clearance]: Clearance violation ( clearance 0.2000 mm; actual 0.1400 mm)
    Local override; error
    @(6.5000 mm, 9.2000 mm): Via [/GND] on F.Cu - B.Cu
    @(6.5000 mm, 8.4800 mm): Pad 1 [/NRST] of C11 on F.Cu
[shorting_items]: Items shorting two nets (nets /GND and /LED_B_DRV)
    Local override; error
    @(14.3000 mm, 11.5000 mm): Via [/GND] on F.Cu - B.Cu
    @(14.5000 mm, 5.2000 mm): Track [/LED_B_DRV] on In2.Cu, length 23.1000 mm
[shorting_items]: Items shorting two nets (nets /GND and /LED_B_DRV)
    Local override; error
    @(14.3000 mm, 5.5000 mm): Via [/GND] on F.Cu - B.Cu
    @(14.5000 mm, 5.2000 mm): Track [/LED_B_DRV] on In2.Cu, length 23.1000 mm
[clearance]: Clearance violation ( clearance 0.2000 mm; actual 0.1400 mm)
    Local override; error
    @(10.5000 mm, 17.7000 mm): Via [/GND] on F.Cu - B.Cu
    @(10.5000 mm, 16.9800 mm): Pad 1 [/VLXSMPS] of C12 on F.Cu
[shorting_items]: Items shorting two nets (nets /GND and /LED_B_DRV)
    Local override; error
    @(14.3000 mm, 9.5000 mm): Via [/GND] on F.Cu - B.Cu
    @(14.5000 mm, 5.2000 mm): Track [/LED_B_DRV] on In2.Cu, length 23.1000 mm
[shorting_items]: Items shorting two nets (nets /GND and /LED_B_DRV)
    Local override; error
    @(14.3000 mm, 7.5000 mm): Via [/GND] on F.Cu - B.Cu
    @(14.5000 mm, 5.2000 mm): Track [/LED_B_DRV] on In2.Cu, length 23.1000 mm
[clearance]: Clearance violation ( clearance 0.2000 mm; actual 0.1250 mm)
    Local override; error
    @(8.7500 mm, 17.1000 mm): Track [/3V3] on In2.Cu, length 2.7500 mm
    @(10.5000 mm, 17.7000 mm): Via [/GND] on F.Cu - B.Cu
[clearance]: Clearance violation ( clearance 0.2000 mm; actual 0.1581 mm)
    Local override; error
    @(9.7500 mm, 16.5000 mm): Track [/VLXSMPS] on F.Cu, length 0.7500 mm
    @(10.8000 mm, 17.0000 mm): Via [/GND] on F.Cu - B.Cu
[clearance]: Clearance violation ( clearance 0.2000 mm; actual 0.0602 mm)
    Local override; error
    @(10.8000 mm, 17.0000 mm): Via [/GND] on F.Cu - B.Cu
    @(11.5000 mm, 17.5000 mm): Pad 1 [/3V3] of TP_3V3 on B.Cu
[shorting_items]: Items shorting two nets (nets /MIC_SCK and /LED_B_DRV)
    Local override; error
    @(9.8000 mm, 26.5000 mm): Track [/MIC_SCK] on In2.Cu, length 2.0000 mm
    @(10.0150 mm, 28.3000 mm): Via [/LED_B_DRV] on F.Cu - B.Cu
[shorting_items]: Items shorting two nets (nets /3V3 and /GND)
    Local override; error
    @(8.7500 mm, 17.1000 mm): Track [/3V3] on In2.Cu, length 2.7500 mm
    @(10.8000 mm, 17.0000 mm): Via [/GND] on F.Cu - B.Cu
[clearance]: Clearance violation ( clearance 0.2000 mm; actual 0.1750 mm)
    Local override; error
    @(13.8000 mm, 28.8500 mm): Via [/GND] on F.Cu - B.Cu
    @(14.5000 mm, 28.3000 mm): Track [/LED_B_DRV] on In2.Cu, length 4.4850 mm
[shorting_items]: Items shorting two nets (nets /GND and /SYS_PWR)
    Local override; error
    @(5.5000 mm, 23.0500 mm): Via [/GND] on F.Cu - B.Cu
    @(8.9500 mm, 23.5000 mm): Track [/SYS_PWR] on In2.Cu, length 7.0870 mm
[clearance]: Clearance violation ( clearance 0.2000 mm; actual 0.1250 mm)
    Local override; error
    @(0.5000 mm, 13.7500 mm): Track [/MIC_SD] on In2.Cu, length 12.4500 mm
    @(1.0000 mm, 24.0000 mm): Via [/GND] on F.Cu - B.Cu
[clearance]: Clearance violation ( clearance 0.2000 mm; actual 0.1250 mm)
    Local override; error
    @(0.5000 mm, 13.7500 mm): Track [/MIC_SD] on In2.Cu, length 12.4500 mm
    @(1.0000 mm, 20.0000 mm): Via [/GND] on F.Cu - B.Cu
[shorting_items]: Items shorting two nets (nets /GND and /3V3)
    Local override; error
    @(1.0000 mm, 28.5000 mm): Via [/GND] on F.Cu - B.Cu
    @(1.3200 mm, 28.5000 mm): Track [/3V3] on F.Cu, length 1.8000 mm
[clearance]: Clearance violation ( clearance 0.2000 mm; actual 0.1620 mm)
    Local override; error
    @(2.5000 mm, 17.5000 mm): Via [/GND] on F.Cu - B.Cu
    @(1.8630 mm, 17.5000 mm): Track [/SYS_PWR] on F.Cu, length 1.5500 mm
[shorting_items]: Items shorting two nets (nets /BOOT0 and /GND)
    Local override; error
    @(5.2000 mm, 8.5100 mm): Pad 1 [/BOOT0] of R1 on F.Cu
    @(5.2000 mm, 7.4900 mm): Track [/GND] on F.Cu, length 1.7100 mm
[clearance]: Clearance violation ( clearance 0.2000 mm; actual 0.1620 mm)
    Local override; error
    @(1.8630 mm, 23.5000 mm): Track [/SYS_PWR] on In2.Cu, length 6.0000 mm
    @(2.5000 mm, 17.5000 mm): Via [/GND] on F.Cu - B.Cu
[clearance]: Clearance violation ( clearance 0.2000 mm; actual 0.0122 mm)
    Local override; error
    @(12.9380 mm, 22.0000 mm): Track [/VBAT_PROT] on F.Cu, length 2.0000 mm
    @(13.2000 mm, 22.8000 mm): Track [/GND] on F.Cu, length 0.0000 mm
[shorting_items]: Items shorting two nets (nets /GND and /LED_R_DRV)
    Local override; error
    @(13.9000 mm, 19.0500 mm): Via [/GND] on F.Cu - B.Cu
    @(13.8000 mm, 9.0000 mm): Track [/LED_R_DRV] on In2.Cu, length 17.5000 mm
[tracks_crossing]: Tracks crossing
    Local override; error
    @(9.7500 mm, 16.5000 mm): Track [/VLXSMPS] on F.Cu, length 0.7500 mm
    @(10.5000 mm, 16.0200 mm): Track [/GND] on F.Cu, length 1.6800 mm
[clearance]: Clearance violation ( clearance 0.2000 mm; actual 0.1200 mm)
    Local override; error
    @(5.2000 mm, 9.2000 mm): Via [/GND] on F.Cu - B.Cu
    @(5.2000 mm, 8.5100 mm): Pad 1 [/BOOT0] of R1 on F.Cu
[clearance]: Clearance violation ( clearance 0.2000 mm; actual 0.1420 mm)
    Local override; error
    @(1.8630 mm, 17.5000 mm): Track [/SYS_PWR] on F.Cu, length 1.5500 mm
    @(2.2800 mm, 17.5000 mm): Track [/GND] on F.Cu, length 0.2200 mm
[tracks_crossing]: Tracks crossing
    Local override; error
    @(1.8625 mm, 19.0500 mm): Track [/SYS_PWR] on F.Cu, length 1.9000 mm
    @(1.8625 mm, 20.0000 mm): Track [/GND] on F.Cu, length 0.8625 mm
[tracks_crossing]: Tracks crossing
    Local override; error
    @(10.8630 mm, 21.0000 mm): Track [/VBAT_PROT] on F.Cu, length 2.1430 mm
    @(9.6800 mm, 21.0000 mm): Track [/GND] on F.Cu, length 0.2200 mm
[shorting_items]: Items shorting two nets (nets /VLXSMPS and /GND)
    Local override; error
    @(9.7500 mm, 16.5000 mm): Track [/VLXSMPS] on F.Cu, length 0.7500 mm
    @(10.2500 mm, 15.9375 mm): Track [/GND] on F.Cu, length 1.1964 mm
[tracks_crossing]: Tracks crossing
    Local override; error
    @(6.5000 mm, 8.4800 mm): Track [/NRST] on F.Cu, length 2.2800 mm
    @(6.5000 mm, 7.5200 mm): Track [/GND] on F.Cu, length 1.6800 mm
[tracks_crossing]: Tracks crossing
    Local override; error
    @(1.8630 mm, 23.5000 mm): Track [/SYS_PWR] on In2.Cu, length 6.0000 mm
    @(1.8630 mm, 22.2000 mm): Track [/GATE_OD] on In2.Cu, length 6.7740 mm
[shorting_items]: Items shorting two nets (nets /3V3 and /GND)
    Local override; error
    @(1.3200 mm, 28.5000 mm): Pad 1 [/3V3] of C16 on F.Cu
    @(2.2800 mm, 28.5000 mm): Track [/GND] on F.Cu, length 1.2800 mm
[tracks_crossing]: Tracks crossing
    Local override; error
    @(1.8630 mm, 26.2000 mm): Track [/GATE_OC] on In2.Cu, length 7.6370 mm
    @(0.5000 mm, 26.2000 mm): Track [/MIC_SD] on In2.Cu, length 6.1000 mm
[clearance]: Clearance violation ( clearance 0.2000 mm; actual 0.1708 mm)
    Local override; error
    @(13.1375 mm, 19.0500 mm): Track [/GND] on F.Cu, length 0.7625 mm
    @(12.7200 mm, 15.5000 mm): Track [/VBUS_5V] on F.Cu, length 5.4500 mm
[clearance]: Clearance violation ( clearance 0.2000 mm; actual 0.1974 mm)
    Local override; error
    @(2.5000 mm, 11.0500 mm): Track [/GND] on F.Cu, length 0.3500 mm
    @(2.2800 mm, 12.0000 mm): Pad 1 [/VDDRF1V55] of C7 on F.Cu
[shorting_items]: Items shorting two nets (nets /GATE_OC and /MIC_SD)
    Local override; error
    @(1.8630 mm, 26.2000 mm): Via [/GATE_OC] on F.Cu - B.Cu
    @(0.5000 mm, 26.2000 mm): Track [/MIC_SD] on In2.Cu, length 6.1000 mm
[clearance]: Clearance violation ( clearance 0.2000 mm; actual 0.0500 mm)
    Local override; error
    @(10.9375 mm, 13.2500 mm): Pad 5 [<no net>] of U1 on F.Cu
    @(11.5000 mm, 12.2500 mm): Track [/CHG_STAT] on F.Cu, length 6.2500 mm
[clearance]: Clearance violation ( clearance 0.2000 mm; actual 0.0500 mm)
    Local override; error
    @(5.7500 mm, 9.0625 mm): Pad 22 [<no net>] of U1 on F.Cu
    @(7.2500 mm, 8.5000 mm): Track [/BOOT0] on F.Cu, length 2.0500 mm
[clearance]: Clearance violation ( clearance 0.2000 mm; actual 0.0400 mm)
    Local override; error
    @(5.2500 mm, 9.0625 mm): Pad 23 [/RFO_HP] of U1 on F.Cu
    @(5.2000 mm, 8.5000 mm): Track [/BOOT0] on F.Cu, length 0.0100 mm
[shorting_items]: Items shorting two nets (nets  and /BATT_POS)
    Local override; error
    @(4.1375 mm, 24.9500 mm): Pad 4 [<no net>] of U4 on F.Cu
    @(3.5000 mm, 25.5000 mm): Via [/BATT_POS] on F.Cu - B.Cu
[shorting_items]: Items shorting two nets (nets /SYS_PWR and /GATE_OD)
    Local override; error
    @(1.8630 mm, 23.5000 mm): Track [/SYS_PWR] on In2.Cu, length 6.0000 mm
    @(1.8630 mm, 22.2000 mm): Via [/GATE_OD] on F.Cu - B.Cu
[clearance]: Clearance violation ( clearance 0.2000 mm; actual 0.1250 mm)
    Local override; error
    @(3.5000 mm, 25.5000 mm): Track [/BATT_POS] on F.Cu, length 0.6370 mm
    @(4.1375 mm, 24.9500 mm): Pad 4 [<no net>] of U4 on F.Cu
[shorting_items]: Items shorting two nets (nets /BATT_POS and )
    Local override; error
    @(4.1370 mm, 25.5000 mm): Track [/BATT_POS] on F.Cu, length 1.5000 mm
    @(4.1375 mm, 24.9500 mm): Pad 4 [<no net>] of U4 on F.Cu
[shorting_items]: Items shorting two nets (nets /BATT_NEG and /SYS_PWR)
    Local override; error
    @(5.5000 mm, 25.5000 mm): Track [/BATT_NEG] on F.Cu, length 3.1370 mm
    @(8.9500 mm, 25.5000 mm): Pad 1 [/SYS_PWR] of D1 on F.Cu
[tracks_crossing]: Tracks crossing
    Local override; error
    @(4.1370 mm, 25.5000 mm): Track [/BATT_POS] on F.Cu, length 1.5000 mm
    @(4.1370 mm, 25.5000 mm): Track [/BATT_NEG] on F.Cu, length 2.4500 mm
[tracks_crossing]: Tracks crossing
    Local override; error
    @(7.2500 mm, 9.0625 mm): Track [/BOOT0] on F.Cu, length 0.5625 mm
    @(7.7500 mm, 8.5000 mm): Track [/NRST] on F.Cu, length 1.2500 mm
[tracks_crossing]: Tracks crossing
    Local override; error
    @(4.1370 mm, 25.5000 mm): Track [/BATT_POS] on F.Cu, length 1.5000 mm
    @(5.5000 mm, 25.5000 mm): Track [/BATT_NEG] on F.Cu, length 1.3630 mm
[shorting_items]: Items shorting two nets (nets /BOOT0 and /GND)
    Local override; error
    @(5.2000 mm, 8.5100 mm): Track [/BOOT0] on F.Cu, length 2.3100 mm
    @(5.2000 mm, 7.4900 mm): Pad 2 [/GND] of R1 on F.Cu
[shorting_items]: Items shorting two nets (nets /BOOT0 and /RF_50OHM)
    Local override; error
    @(5.2000 mm, 6.2000 mm): Via [/BOOT0] on F.Cu - B.Cu
    @(5.2500 mm, 6.3150 mm): Track [/RF_50OHM] on F.Cu, length 1.0050 mm
[shorting_items]: Items shorting two nets (nets /BATT_NEG and /SYS_PWR)
    Local override; error
    @(8.6370 mm, 25.5000 mm): Track [/BATT_NEG] on F.Cu, length 0.5500 mm
    @(8.9500 mm, 25.5000 mm): Pad 1 [/SYS_PWR] of D1 on F.Cu
[clearance]: Clearance violation ( clearance 0.2000 mm; actual 0.0815 mm)
    Local override; error
    @(5.5000 mm, 25.5000 mm): Via [/BATT_NEG] on F.Cu - B.Cu
    @(6.3625 mm, 24.9500 mm): Pad 3 [Net-(Q1-D12-Pad2)] of Q1 on F.Cu
[clearance]: Clearance violation ( clearance 0.2000 mm; actual 0.0750 mm)
    Local override; error
    @(9.5000 mm, 24.0000 mm): Via [/GATE_OC] on F.Cu - B.Cu
    @(8.9500 mm, 24.5000 mm): Track [/SYS_PWR] on In2.Cu, length 1.0000 mm
[shorting_items]: Items shorting two nets (nets /LED_R_DRV and /3V3)
    Local override; error
    @(10.0150 mm, 26.5000 mm): Track [/LED_R_DRV] on F.Cu, length 1.0003 mm
    @(9.8000 mm, 27.1360 mm): Via [/3V3] on F.Cu - B.Cu
[clearance]: Clearance violation ( clearance 0.2000 mm; actual 0.0650 mm)
    Local override; error
    @(0.5000 mm, 26.2000 mm): Track [/MIC_SD] on In2.Cu, length 6.1000 mm
    @(6.9150 mm, 17.5000 mm): Track [/3V3] on In2.Cu, length 9.0000 mm
[shorting_items]: Items shorting two nets (nets /3V3 and /CHG_STAT)
    Local override; error
    @(11.5000 mm, 17.5000 mm): Via [/3V3] on F.Cu - B.Cu
    @(11.5000 mm, 12.2500 mm): Track [/CHG_STAT] on F.Cu, length 6.2500 mm
[clearance]: Clearance violation ( clearance 0.2000 mm; actual 0.1993 mm)
    Local override; error
    @(1.8630 mm, 26.2000 mm): Track [/GATE_OC] on In2.Cu, length 7.6370 mm
    @(9.8000 mm, 26.5000 mm): Track [/3V3] on In2.Cu, length 0.6360 mm
[clearance]: Clearance violation ( clearance 0.2000 mm; actual 0.0750 mm)
    Local override; error
    @(3.1150 mm, 27.5000 mm): Track [/3V3] on In2.Cu, length 1.0000 mm
    @(0.5000 mm, 26.2000 mm): Track [/MIC_SD] on In2.Cu, length 6.1000 mm
[clearance]: Clearance violation ( clearance 0.2000 mm; actual 0.1850 mm)
    Local override; error
    @(0.5000 mm, 26.2000 mm): Track [/MIC_SD] on In2.Cu, length 6.1000 mm
    @(6.9150 mm, 26.5000 mm): Track [/3V3] on In2.Cu, length 2.8850 mm
[shorting_items]: Items shorting two nets (nets /3V3 and /VDDRF1V55)
    Local override; error
    @(3.2000 mm, 12.0000 mm): Via [/3V3] on F.Cu - B.Cu
    @(4.0625 mm, 11.7500 mm): Track [/VDDRF1V55] on F.Cu, length 1.0625 mm
[clearance]: Clearance violation ( clearance 0.2000 mm; actual 0.1598 mm)
    Local override; error
    @(10.9375 mm, 11.2500 mm): Pad 9 [<no net>] of U1 on F.Cu
    @(11.8000 mm, 11.0000 mm): Via [/3V3] on F.Cu - B.Cu
[shorting_items]: Items shorting two nets (nets /MIC_SCK and /3V3)
    Local override; error
    @(9.8000 mm, 26.5000 mm): Track [/MIC_SCK] on In2.Cu, length 2.0000 mm
    @(9.8000 mm, 27.1360 mm): Via [/3V3] on F.Cu - B.Cu
[shorting_items]: Items shorting two nets (nets /3V3 and /SWCLK)
    Local override; error
    @(6.7500 mm, 16.7000 mm): Via [/3V3] on F.Cu - B.Cu
    @(7.2500 mm, 16.7000 mm): Track [/SWCLK] on F.Cu, length 1.7500 mm
[shorting_items]: Items shorting two nets (nets /3V3 and /MIC_WS)
    Local override; error
    @(3.1150 mm, 27.5000 mm): Via [/3V3] on F.Cu - B.Cu
    @(0.9000 mm, 27.1360 mm): Track [/MIC_WS] on In2.Cu, length 4.6000 mm
[shorting_items]: Items shorting two nets (nets /LED_R_DRV and /3V3)
    Local override; error
    @(10.0150 mm, 26.5000 mm): Track [/LED_R_DRV] on F.Cu, length 1.0003 mm
    @(8.4000 mm, 27.1360 mm): Track [/3V3] on F.Cu, length 1.4000 mm
[tracks_crossing]: Tracks crossing
    Local override; error
    @(7.2500 mm, 16.7000 mm): Track [/SWCLK] on F.Cu, length 1.7500 mm
    @(6.7500 mm, 15.9375 mm): Track [/3V3] on F.Cu, length 0.7625 mm
[shorting_items]: Items shorting two nets (nets /VBUS_5V and /3V3)
    Local override; error
    @(12.7150 mm, 6.2000 mm): Track [/VBUS_5V] on F.Cu, length 7.3000 mm
    @(12.7200 mm, 7.5000 mm): Track [/3V3] on F.Cu, length 2.0000 mm
[tracks_crossing]: Tracks crossing
    Local override; error
    @(6.0800 mm, 18.5000 mm): Track [/GND] on F.Cu, length 1.0072 mm
    @(5.1200 mm, 18.5000 mm): Track [/3V3] on F.Cu, length 1.8000 mm
[shorting_items]: Items shorting two nets (nets /VBUS_5V and /3V3)
    Local override; error
    @(12.7150 mm, 6.2000 mm): Track [/VBUS_5V] on F.Cu, length 7.3000 mm
    @(12.7150 mm, 11.0000 mm): Track [/3V3] on F.Cu, length 0.9150 mm
[clearance]: Clearance violation ( clearance 0.2000 mm; actual 0.0250 mm)
    Local override; error
    @(8.9500 mm, 25.5000 mm): Pad 1 [/SYS_PWR] of D1 on F.Cu
    @(8.6375 mm, 24.9500 mm): Pad 4 [/BATT_NEG] of Q1 on F.Cu
[clearance]: Clearance violation ( clearance 0.2000 mm; actual 0.1080 mm)
    Local override; error
    @(5.2000 mm, 8.5100 mm): Pad 1 [/BOOT0] of R1 on F.Cu
    @(5.7500 mm, 9.0625 mm): Pad 22 [<no net>] of U1 on F.Cu
[shorting_items]: Items shorting two nets (nets /BOOT0 and /RFO_HP)
    Local override; error
    @(5.2000 mm, 8.5100 mm): Pad 1 [/BOOT0] of R1 on F.Cu
    @(5.2500 mm, 9.0625 mm): Pad 23 [/RFO_HP] of U1 on F.Cu
[clearance]: Clearance violation ( clearance 0.2000 mm; actual 0.0250 mm)
    Local override; error
    @(11.0500 mm, 25.5000 mm): Pad 2 [/VBUS_5V] of D1 on F.Cu
    @(11.0625 mm, 24.9500 mm): Pad 2 [/SYS_PWR] of Q2 on F.Cu
[clearance]: Clearance violation ( clearance 0.2000 mm; actual 0.0094 mm)
    Local override; error
    @(5.2000 mm, 8.5100 mm): Pad 1 [/BOOT0] of R1 on F.Cu
    @(4.7500 mm, 9.0625 mm): Pad 24 [/VR_PA] of U1 on F.Cu
[shorting_items]: Items shorting two nets (nets /GND and /RFO_HP)
    Local override; error
    @(5.2000 mm, 7.4900 mm): Pad 2 [/GND] of R1 on F.Cu
    @(5.2500 mm, 7.2850 mm): Pad 1 [/RFO_HP] of L1 on F.Cu
[hole_clearance]: Hole clearance violation (board setup constraints hole clearance 0.2500 mm; actual 0.1500 mm)
    Rule: board setup constraints hole; error
    @(10.8625 mm, 20.9500 mm): Pad 3 [/VBAT_PROT] of U2 on F.Cu
    @(9.9000 mm, 21.0000 mm): Via [/GND] on F.Cu - B.Cu
[hole_clearance]: Hole clearance violation (board setup constraints hole clearance 0.2500 mm; actual 0.2315 mm)
    Rule: board setup constraints hole; error
    @(6.3625 mm, 24.9500 mm): Pad 3 [Net-(Q1-D12-Pad2)] of Q1 on F.Cu
    @(5.5000 mm, 25.5000 mm): Via [/BATT_NEG] on F.Cu - B.Cu
[hole_clearance]: Hole clearance violation (board setup constraints hole clearance 0.2500 mm; actual 0.0000 mm)
    Rule: board setup constraints hole; error
    @(8.6375 mm, 24.9500 mm): Pad 4 [/BATT_NEG] of Q1 on F.Cu
    @(8.9500 mm, 24.5000 mm): Via [/SYS_PWR] on F.Cu - B.Cu
[hole_clearance]: Hole clearance violation (board setup constraints hole clearance 0.2500 mm; actual 0.0500 mm)
    Rule: board setup constraints hole; error
    @(8.6375 mm, 24.0000 mm): Pad 5 [/GATE_OC] of Q1 on F.Cu
    @(8.9500 mm, 24.5000 mm): Via [/SYS_PWR] on F.Cu - B.Cu
[hole_clearance]: Hole clearance violation (board setup constraints hole clearance 0.2500 mm; actual 0.0000 mm)
    Rule: board setup constraints hole; error
    @(2.2800 mm, 13.5000 mm): Pad 1 [/3V3] of C1 on F.Cu
    @(2.0000 mm, 13.7500 mm): Via [/MIC_SD] on F.Cu - B.Cu
[hole_clearance]: Hole clearance violation (board setup constraints hole clearance 0.2500 mm; actual 0.0000 mm)
    Rule: board setup constraints hole; error
    @(10.5000 mm, 16.9800 mm): Pad 1 [/VLXSMPS] of C12 on F.Cu
    @(10.8000 mm, 17.0000 mm): Via [/GND] on F.Cu - B.Cu
[hole_clearance]: Hole clearance violation (board setup constraints hole clearance 0.2500 mm; actual 0.1474 mm)
    Rule: board setup constraints hole; error
    @(2.2800 mm, 12.0000 mm): Pad 1 [/VDDRF1V55] of C7 on F.Cu
    @(2.5000 mm, 11.4000 mm): Via [/GND] on F.Cu - B.Cu
[clearance]: Clearance violation ( clearance 0.2000 mm; actual 0.0000 mm)
    Local override; error
    @(6.5000 mm, 8.4800 mm): Pad 1 [/NRST] of C11 on F.Cu
    @(6.2500 mm, 9.0625 mm): Pad 21 [<no net>] of U1 on F.Cu
[clearance]: Clearance violation ( clearance 0.2000 mm; actual 0.0000 mm)
    Local override; error
    @(6.5000 mm, 8.4800 mm): Pad 1 [/NRST] of C11 on F.Cu
    @(6.7500 mm, 9.0625 mm): Pad 20 [<no net>] of U1 on F.Cu
[hole_clearance]: Hole clearance violation (board setup constraints hole clearance 0.2500 mm; actual 0.1191 mm)
    Rule: board setup constraints hole; error
    @(4.1375 mm, 24.9500 mm): Pad 4 [<no net>] of U4 on F.Cu
    @(3.5000 mm, 25.5000 mm): Via [/BATT_POS] on F.Cu - B.Cu
[hole_clearance]: Hole clearance violation (board setup constraints hole clearance 0.2500 mm; actual 0.0000 mm)
    Rule: board setup constraints hole; error
    @(5.2500 mm, 6.3150 mm): Pad 2 [/RF_50OHM] of L1 on F.Cu
    @(5.2000 mm, 6.2000 mm): Via [/BOOT0] on F.Cu - B.Cu
[hole_clearance]: Hole clearance violation (board setup constraints hole clearance 0.2500 mm; actual 0.2329 mm)
    Rule: board setup constraints hole; error
    @(9.9900 mm, 29.2000 mm): Pad 1 [/LED_B_DRV] of R7 on F.Cu
    @(9.8000 mm, 28.5000 mm): Via [/MIC_SCK] on F.Cu - B.Cu
[hole_clearance]: Hole clearance violation (board setup constraints hole clearance 0.2500 mm; actual 0.0000 mm)
    Rule: board setup constraints hole; error
    @(2.2800 mm, 17.5000 mm): Pad 2 [/GND] of C9 on F.Cu
    @(1.8630 mm, 17.5000 mm): Via [/SYS_PWR] on F.Cu - B.Cu
[hole_clearance]: Hole clearance violation (board setup constraints hole clearance 0.2500 mm; actual 0.0000 mm)
    Rule: board setup constraints hole; error
    @(9.9900 mm, 27.5000 mm): Pad 1 [/LED_R_DRV] of R6 on F.Cu
    @(9.8000 mm, 27.1360 mm): Via [/3V3] on F.Cu - B.Cu
[hole_clearance]: Hole clearance violation (board setup constraints hole clearance 0.2500 mm; actual 0.0000 mm)
    Rule: board setup constraints hole; error
    @(1.3200 mm, 28.5000 mm): Pad 1 [/3V3] of C16 on F.Cu
    @(1.0000 mm, 28.5000 mm): Via [/GND] on F.Cu - B.Cu
[hole_clearance]: Hole clearance violation (board setup constraints hole clearance 0.2500 mm; actual 0.2102 mm)
    Rule: board setup constraints hole; error
    @(11.5000 mm, 17.5000 mm): Pad 1 [/3V3] of TP_3V3 on B.Cu
    @(10.8000 mm, 17.0000 mm): Via [/GND] on F.Cu - B.Cu
[hole_clearance]: Hole clearance violation (board setup constraints hole clearance 0.2500 mm; actual 0.0000 mm)
    Rule: board setup constraints hole; error
    @(6.7500 mm, 9.0625 mm): Pad 20 [<no net>] of U1 on F.Cu
    @(6.5000 mm, 9.2000 mm): Via [/GND] on F.Cu - B.Cu
[hole_clearance]: Hole clearance violation (board setup constraints hole clearance 0.2500 mm; actual 0.0000 mm)
    Rule: board setup constraints hole; error
    @(6.2500 mm, 9.0625 mm): Pad 21 [<no net>] of U1 on F.Cu
    @(6.5000 mm, 9.2000 mm): Via [/GND] on F.Cu - B.Cu
[hole_clearance]: Hole clearance violation (board setup constraints hole clearance 0.2500 mm; actual 0.0000 mm)
    Rule: board setup constraints hole; error
    @(5.2500 mm, 9.0625 mm): Pad 23 [/RFO_HP] of U1 on F.Cu
    @(5.2000 mm, 9.2000 mm): Via [/GND] on F.Cu - B.Cu
[hole_clearance]: Hole clearance violation (board setup constraints hole clearance 0.2500 mm; actual 0.1750 mm)
    Rule: board setup constraints hole; error
    @(4.7500 mm, 9.0625 mm): Pad 24 [/VR_PA] of U1 on F.Cu
    @(5.2000 mm, 9.2000 mm): Via [/GND] on F.Cu - B.Cu
[courtyards_overlap]: Courtyards overlap
    Rule: board setup constraints courtyard; error
    @(9.2000 mm, 21.0000 mm): Footprint C17
    @(12.0000 mm, 20.0000 mm): Footprint U2
[courtyards_overlap]: Courtyards overlap
    Rule: board setup constraints courtyard; error
    @(10.0000 mm, 25.5000 mm): Footprint D1
    @(12.0000 mm, 24.0000 mm): Footprint Q2
[courtyards_overlap]: Courtyards overlap
    Rule: board setup constraints courtyard; error
    @(10.0000 mm, 25.5000 mm): Footprint D1
    @(7.5000 mm, 24.0000 mm): Footprint Q1
[courtyards_overlap]: Courtyards overlap
    Rule: board setup constraints courtyard; error
    @(5.2000 mm, 8.0000 mm): Footprint R1
    @(5.2500 mm, 6.8000 mm): Footprint L1
[courtyards_overlap]: Courtyards overlap
    Rule: board setup constraints courtyard; error
    @(5.2000 mm, 8.0000 mm): Footprint R1
    @(7.5000 mm, 12.5000 mm): Footprint U1
[courtyards_overlap]: Courtyards overlap
    Rule: board setup constraints courtyard; error
    @(3.8000 mm, 8.5000 mm): Footprint C4
    @(7.5000 mm, 12.5000 mm): Footprint U1
[courtyards_overlap]: Courtyards overlap
    Rule: board setup constraints courtyard; error
    @(5.6000 mm, 18.5000 mm): Footprint C20
    @(3.0000 mm, 20.0000 mm): Footprint U5
[courtyards_overlap]: Courtyards overlap
    Rule: board setup constraints courtyard; error
    @(5.6000 mm, 18.5000 mm): Footprint C20
    @(7.4000 mm, 18.5000 mm): Footprint C21
[courtyards_overlap]: Courtyards overlap
    Rule: board setup constraints courtyard; error
    @(3.6000 mm, 28.5000 mm): Footprint C15
    @(1.8000 mm, 28.5000 mm): Footprint C16
[courtyards_overlap]: Courtyards overlap
    Rule: board setup constraints courtyard; error
    @(10.5000 mm, 16.5000 mm): Footprint C12
    @(7.5000 mm, 12.5000 mm): Footprint U1
[courtyards_overlap]: Courtyards overlap
    Rule: board setup constraints courtyard; error
    @(1.8000 mm, 12.0000 mm): Footprint C7
    @(1.8000 mm, 10.5000 mm): Footprint Y1
[courtyards_overlap]: Courtyards overlap
    Rule: board setup constraints courtyard; error
    @(6.5000 mm, 8.0000 mm): Footprint C11
    @(7.5000 mm, 12.5000 mm): Footprint U1
[courtyards_overlap]: Courtyards overlap
    Rule: board setup constraints courtyard; error
    @(8.2000 mm, 5.2000 mm): Footprint TP_RF
    @(6.5000 mm, 6.2000 mm): Footprint TP_NRST
[courtyards_overlap]: Courtyards overlap
    Rule: board setup constraints courtyard; error
    @(5.2000 mm, 6.2000 mm): Footprint TP_BOOT0
    @(6.5000 mm, 6.2000 mm): Footprint TP_NRST
[solder_mask_bridge]: Front solder mask aperture bridges items with different nets
    Rule: board setup solder mask min width; error
    @(4.0625 mm, 13.7500 mm): Track [/MIC_SD] on F.Cu, length 2.0625 mm
    @(2.2800 mm, 13.5000 mm): Pad 1 [/3V3] of C1 on F.Cu
[solder_mask_bridge]: Front solder mask aperture bridges items with different nets
    Rule: board setup solder mask min width; error
    @(1.3200 mm, 28.5000 mm): Track [/3V3] on F.Cu, length 1.8000 mm
    @(2.2800 mm, 28.5000 mm): Pad 2 [/GND] of C16 on F.Cu
[solder_mask_bridge]: Front solder mask aperture bridges items with different nets
    Rule: board setup solder mask min width; error
    @(7.2500 mm, 8.5000 mm): Track [/BOOT0] on F.Cu, length 2.0500 mm
    @(6.5000 mm, 8.4800 mm): Pad 1 [/NRST] of C11 on F.Cu
[solder_mask_bridge]: Front solder mask aperture bridges items with different nets
    Rule: board setup solder mask min width; error
    @(5.2000 mm, 9.2000 mm): Via [/GND] on F.Cu - B.Cu
    @(5.2500 mm, 9.0625 mm): Pad 23 [/RFO_HP] of U1 on F.Cu
[solder_mask_bridge]: Front solder mask aperture bridges items with different nets
    Rule: board setup solder mask min width; error
    @(5.1200 mm, 18.5000 mm): Track [/3V3] on F.Cu, length 1.8000 mm
    @(6.0800 mm, 18.5000 mm): Pad 2 [/GND] of C20 on F.Cu
[solder_mask_bridge]: Front solder mask aperture bridges items with different nets
    Rule: board setup solder mask min width; error
    @(1.8630 mm, 17.5000 mm): Track [/SYS_PWR] on F.Cu, length 1.5500 mm
    @(2.2800 mm, 17.5000 mm): Pad 2 [/GND] of C9 on F.Cu
[solder_mask_bridge]: Front solder mask aperture bridges items with different nets
    Rule: board setup solder mask min width; error
    @(1.0000 mm, 28.5000 mm): Via [/GND] on F.Cu - B.Cu
    @(1.3200 mm, 28.5000 mm): Pad 1 [/3V3] of C16 on F.Cu
[solder_mask_bridge]: Front solder mask aperture bridges items with different nets
    Rule: board setup solder mask min width; error
    @(1.8625 mm, 19.0500 mm): Track [/SYS_PWR] on F.Cu, length 1.9000 mm
    @(1.8625 mm, 20.0000 mm): Pad 2 [/GND] of U5 on F.Cu
[solder_mask_bridge]: Front solder mask aperture bridges items with different nets
    Rule: board setup solder mask min width; error
    @(2.0000 mm, 13.7500 mm): Via [/MIC_SD] on F.Cu - B.Cu
    @(2.2800 mm, 13.5000 mm): Pad 1 [/3V3] of C1 on F.Cu
[solder_mask_bridge]: Front solder mask aperture bridges items with different nets
    Rule: board setup solder mask min width; error
    @(5.2000 mm, 8.5100 mm): Pad 1 [/BOOT0] of R1 on F.Cu
    @(5.2500 mm, 9.0625 mm): Pad 23 [/RFO_HP] of U1 on F.Cu
[solder_mask_bridge]: Front solder mask aperture bridges items with different nets
    Rule: board setup solder mask min width; error
    @(6.5000 mm, 8.4800 mm): Track [/NRST] on F.Cu, length 2.2800 mm
    @(6.5000 mm, 7.5200 mm): Pad 2 [/GND] of C11 on F.Cu
[solder_mask_bridge]: Front solder mask aperture bridges items with different nets
    Rule: board setup solder mask min width; error
    @(5.2000 mm, 7.4900 mm): Pad 2 [/GND] of R1 on F.Cu
    @(5.2500 mm, 7.2850 mm): Pad 1 [/RFO_HP] of L1 on F.Cu
[solder_mask_bridge]: Front solder mask aperture bridges items with different nets
    Rule: board setup solder mask min width; error
    @(3.0000 mm, 10.2500 mm): Track [/OSC_IN] on F.Cu, length 1.4422 mm
    @(2.5000 mm, 11.0500 mm): Pad 2 [/GND] of Y1 on F.Cu
[solder_mask_bridge]: Front solder mask aperture bridges items with different nets
    Rule: board setup solder mask min width; error
    @(8.4000 mm, 27.1360 mm): Track [/3V3] on F.Cu, length 1.4000 mm
    @(9.9900 mm, 27.5000 mm): Pad 1 [/LED_R_DRV] of R6 on F.Cu
[solder_mask_bridge]: Front solder mask aperture bridges items with different nets
    Rule: board setup solder mask min width; error
    @(5.2000 mm, 6.2000 mm): Via [/BOOT0] on F.Cu - B.Cu
    @(5.2500 mm, 6.3150 mm): Pad 2 [/RF_50OHM] of L1 on F.Cu
[solder_mask_bridge]: Front solder mask aperture bridges items with different nets
    Rule: board setup solder mask min width; error
    @(10.8000 mm, 17.0000 mm): Via [/GND] on F.Cu - B.Cu
    @(10.5000 mm, 16.9800 mm): Pad 1 [/VLXSMPS] of C12 on F.Cu
[solder_mask_bridge]: Front solder mask aperture bridges items with different nets
    Rule: board setup solder mask min width; error
    @(2.2800 mm, 28.5000 mm): Track [/GND] on F.Cu, length 1.2800 mm
    @(1.3200 mm, 28.5000 mm): Pad 1 [/3V3] of C16 on F.Cu
[solder_mask_bridge]: Front solder mask aperture bridges items with different nets
    Rule: board setup solder mask min width; error
    @(8.9500 mm, 25.5000 mm): Track [/SYS_PWR] on F.Cu, length 1.0000 mm
    @(8.6375 mm, 24.9500 mm): Pad 4 [/BATT_NEG] of Q1 on F.Cu
[solder_mask_bridge]: Front solder mask aperture bridges items with different nets
    Rule: board setup solder mask min width; error
    @(3.0000 mm, 10.2500 mm): Track [/OSC_IN] on F.Cu, length 1.4422 mm
    @(2.5000 mm, 9.9500 mm): Pad 3 [/OSC_OUT] of Y1 on F.Cu
[solder_mask_bridge]: Front solder mask aperture bridges items with different nets
    Rule: board setup solder mask min width; error
    @(10.2500 mm, 15.9375 mm): Track [/GND] on F.Cu, length 1.1964 mm
    @(10.5000 mm, 16.9800 mm): Pad 1 [/VLXSMPS] of C12 on F.Cu
[solder_mask_bridge]: Front solder mask aperture bridges items with different nets
    Rule: board setup solder mask min width; error
    @(6.7500 mm, 9.0625 mm): Pad 20 [<no net>] of U1 on F.Cu
    @(6.5000 mm, 8.4800 mm): Pad 1 [/NRST] of C11 on F.Cu
[solder_mask_bridge]: Front solder mask aperture bridges items with different nets
    Rule: board setup solder mask min width; error
    @(9.8000 mm, 27.1360 mm): Via [/3V3] on F.Cu - B.Cu
    @(9.9900 mm, 27.5000 mm): Pad 1 [/LED_R_DRV] of R6 on F.Cu
[solder_mask_bridge]: Front solder mask aperture bridges items with different nets
    Rule: board setup solder mask min width; error
    @(6.2500 mm, 9.0625 mm): Pad 21 [<no net>] of U1 on F.Cu
    @(6.5000 mm, 8.4800 mm): Pad 1 [/NRST] of C11 on F.Cu
[solder_mask_bridge]: Front solder mask aperture bridges items with different nets
    Rule: board setup solder mask min width; error
    @(1.8630 mm, 17.5000 mm): Track [/SYS_PWR] on F.Cu, length 0.5430 mm
    @(2.2800 mm, 17.5000 mm): Pad 2 [/GND] of C9 on F.Cu
[solder_mask_bridge]: Front solder mask aperture bridges items with different nets
    Rule: board setup solder mask min width; error
    @(4.0625 mm, 10.2500 mm): Track [/OSC_IN] on F.Cu, length 1.0625 mm
    @(2.5000 mm, 9.9500 mm): Pad 3 [/OSC_OUT] of Y1 on F.Cu
[solder_mask_bridge]: Front solder mask aperture bridges items with different nets
    Rule: board setup solder mask min width; error
    @(1.8630 mm, 17.5000 mm): Via [/SYS_PWR] on F.Cu - B.Cu
    @(2.2800 mm, 17.5000 mm): Pad 2 [/GND] of C9 on F.Cu
[solder_mask_bridge]: Front solder mask aperture bridges items with different nets
    Rule: board setup solder mask min width; error
    @(6.5000 mm, 7.5200 mm): Track [/GND] on F.Cu, length 1.6800 mm
    @(6.5000 mm, 8.4800 mm): Pad 1 [/NRST] of C11 on F.Cu
[solder_mask_bridge]: Front solder mask aperture bridges items with different nets
    Rule: board setup solder mask min width; error
    @(8.9500 mm, 24.5000 mm): Via [/SYS_PWR] on F.Cu - B.Cu
    @(8.6375 mm, 24.9500 mm): Pad 4 [/BATT_NEG] of Q1 on F.Cu
[solder_mask_bridge]: Front solder mask aperture bridges items with different nets
    Rule: board setup solder mask min width; error
    @(5.2500 mm, 9.0625 mm): Track [/RFO_HP] on F.Cu, length 1.7775 mm
    @(5.2000 mm, 8.5100 mm): Pad 1 [/BOOT0] of R1 on F.Cu
[solder_mask_bridge]: Front solder mask aperture bridges items with different nets
    Rule: board setup solder mask min width; error
    @(8.9500 mm, 24.5000 mm): Via [/SYS_PWR] on F.Cu - B.Cu
    @(8.6375 mm, 24.0000 mm): Pad 5 [/GATE_OC] of Q1 on F.Cu
[solder_mask_bridge]: Front solder mask aperture bridges items with different nets
    Rule: board setup solder mask min width; error
    @(4.1370 mm, 25.5000 mm): Track [/BATT_NEG] on F.Cu, length 2.4500 mm
    @(4.1375 mm, 24.9500 mm): Pad 4 [<no net>] of U4 on F.Cu
[solder_mask_bridge]: Front solder mask aperture bridges items with different nets
    Rule: board setup solder mask min width; error
    @(5.2500 mm, 9.0625 mm): Track [/RFO_HP] on F.Cu, length 1.7775 mm
    @(5.2000 mm, 7.4900 mm): Pad 2 [/GND] of R1 on F.Cu
[solder_mask_bridge]: Front solder mask aperture bridges items with different nets
    Rule: board setup solder mask min width; error
    @(10.5000 mm, 16.0200 mm): Track [/GND] on F.Cu, length 1.6800 mm
    @(10.5000 mm, 16.9800 mm): Pad 1 [/VLXSMPS] of C12 on F.Cu
[solder_mask_bridge]: Front solder mask aperture bridges items with different nets
    Rule: board setup solder mask min width; error
    @(4.1370 mm, 25.5000 mm): Track [/BATT_NEG] on F.Cu, length 2.4500 mm
    @(4.1375 mm, 24.0000 mm): Pad 5 [/BATT_POS] of U4 on F.Cu
[solder_mask_bridge]: Front solder mask aperture bridges items with different nets
    Rule: board setup solder mask min width; error
    @(10.8630 mm, 21.0000 mm): Track [/VBAT_PROT] on F.Cu, length 2.1430 mm
    @(9.6800 mm, 21.0000 mm): Pad 2 [/GND] of C17 on F.Cu
[solder_mask_bridge]: Front solder mask aperture bridges items with different nets
    Rule: board setup solder mask min width; error
    @(8.6370 mm, 25.5000 mm): Track [/BATT_NEG] on F.Cu, length 0.5500 mm
    @(8.9500 mm, 25.5000 mm): Pad 1 [/SYS_PWR] of D1 on F.Cu
[solder_mask_bridge]: Front solder mask aperture bridges items with different nets
    Rule: board setup solder mask min width; error
    @(5.2000 mm, 7.4900 mm): Track [/GND] on F.Cu, length 1.7100 mm
    @(5.2000 mm, 8.5100 mm): Pad 1 [/BOOT0] of R1 on F.Cu
[solder_mask_bridge]: Front solder mask aperture bridges items with different nets
    Rule: board setup solder mask min width; error
    @(11.0500 mm, 24.0000 mm): Track [/VBUS_5V] on F.Cu, length 1.5000 mm
    @(11.0625 mm, 24.9500 mm): Pad 2 [/SYS_PWR] of Q2 on F.Cu
[solder_mask_bridge]: Front solder mask aperture bridges items with different nets
    Rule: board setup solder mask min width; error
    @(5.5000 mm, 25.5000 mm): Track [/BATT_NEG] on F.Cu, length 3.1370 mm
    @(8.9500 mm, 25.5000 mm): Pad 1 [/SYS_PWR] of D1 on F.Cu
[solder_mask_bridge]: Front solder mask aperture bridges items with different nets
    Rule: board setup solder mask min width; error
    @(5.2000 mm, 7.4900 mm): Track [/GND] on F.Cu, length 1.7100 mm
    @(5.2500 mm, 9.0625 mm): Pad 23 [/RFO_HP] of U1 on F.Cu
[solder_mask_bridge]: Front solder mask aperture bridges items with different nets
    Rule: board setup solder mask min width; error
    @(12.7150 mm, 6.2000 mm): Track [/VBUS_5V] on F.Cu, length 7.3000 mm
    @(12.7200 mm, 11.5000 mm): Pad 1 [/3V3] of C8 on F.Cu
[solder_mask_bridge]: Front solder mask aperture bridges items with different nets
    Rule: board setup solder mask min width; error
    @(6.5000 mm, 9.2000 mm): Via [/GND] on F.Cu - B.Cu
    @(6.7500 mm, 9.0625 mm): Pad 20 [<no net>] of U1 on F.Cu
[solder_mask_bridge]: Front solder mask aperture bridges items with different nets
    Rule: board setup solder mask min width; error
    @(12.7150 mm, 6.2000 mm): Track [/VBUS_5V] on F.Cu, length 7.3000 mm
    @(12.7200 mm, 9.5000 mm): Pad 1 [/3V3] of C5 on F.Cu
[solder_mask_bridge]: Front solder mask aperture bridges items with different nets
    Rule: board setup solder mask min width; error
    @(12.7150 mm, 6.2000 mm): Track [/VBUS_5V] on F.Cu, length 7.3000 mm
    @(12.7200 mm, 7.5000 mm): Pad 1 [/3V3] of C2 on F.Cu
[solder_mask_bridge]: Front solder mask aperture bridges items with different nets
    Rule: board setup solder mask min width; error
    @(4.1370 mm, 25.5000 mm): Track [/BATT_POS] on F.Cu, length 1.5000 mm
    @(4.1375 mm, 24.9500 mm): Pad 4 [<no net>] of U4 on F.Cu
[solder_mask_bridge]: Front solder mask aperture bridges items with different nets
    Rule: board setup solder mask min width; error
    @(12.7200 mm, 15.5000 mm): Track [/VBUS_5V] on F.Cu, length 5.4500 mm
    @(13.1375 mm, 19.0500 mm): Pad 5 [/GND] of U2 on F.Cu
[solder_mask_bridge]: Front solder mask aperture bridges items with different nets
    Rule: board setup solder mask min width; error
    @(3.5000 mm, 25.5000 mm): Via [/BATT_POS] on F.Cu - B.Cu
    @(4.1375 mm, 24.9500 mm): Pad 4 [<no net>] of U4 on F.Cu
[solder_mask_bridge]: Front solder mask aperture bridges items with different nets
    Rule: board setup solder mask min width; error
    @(6.5000 mm, 9.2000 mm): Via [/GND] on F.Cu - B.Cu
    @(6.2500 mm, 9.0625 mm): Pad 21 [<no net>] of U1 on F.Cu
[solder_mask_bridge]: Front solder mask aperture bridges items with different nets
    Rule: board setup solder mask min width; error
    @(5.2000 mm, 8.5100 mm): Track [/BOOT0] on F.Cu, length 2.3100 mm
    @(5.2500 mm, 7.2850 mm): Pad 1 [/RFO_HP] of L1 on F.Cu
[solder_mask_bridge]: Front solder mask aperture bridges items with different nets
    Rule: board setup solder mask min width; error
    @(5.2000 mm, 8.5100 mm): Track [/BOOT0] on F.Cu, length 2.3100 mm
    @(5.2500 mm, 6.3150 mm): Pad 2 [/RF_50OHM] of L1 on F.Cu
[solder_mask_bridge]: Front solder mask aperture bridges items with different nets
    Rule: board setup solder mask min width; error
    @(2.5000 mm, 11.4000 mm): Via [/GND] on F.Cu - B.Cu
    @(2.2800 mm, 12.0000 mm): Pad 1 [/VDDRF1V55] of C7 on F.Cu
[solder_mask_bridge]: Front solder mask aperture bridges items with different nets
    Rule: board setup solder mask min width; error
    @(5.2000 mm, 8.5100 mm): Track [/BOOT0] on F.Cu, length 2.3100 mm
    @(5.2000 mm, 7.4900 mm): Pad 2 [/GND] of R1 on F.Cu
[solder_mask_bridge]: Front solder mask aperture bridges items with different nets
    Rule: board setup solder mask min width; error
    @(5.2000 mm, 7.4900 mm): Track [/GND] on F.Cu, length 1.7100 mm
    @(5.2500 mm, 7.2850 mm): Pad 1 [/RFO_HP] of L1 on F.Cu
[hole_to_hole]: Drilled hole too close to other hole (board setup constraints min 0.2000 mm; actual 0.0000 mm)
    Rule: board setup constraints; warning
    @(9.8000 mm, 28.5000 mm): Via [/MIC_SCK] on F.Cu - B.Cu
    @(10.0150 mm, 28.3000 mm): Via [/LED_B_DRV] on F.Cu - B.Cu
[silk_overlap]: Silkscreen clearance
    Rule: board setup constraints silk; warning
    @(8.4100 mm, 25.5100 mm): Segment of Q1 on F.Silkscreen
    @(8.3900 mm, 24.6500 mm): Segment of D1 on F.Silkscreen
[silk_overlap]: Silkscreen clearance
    Rule: board setup constraints silk; warning
    @(8.4100 mm, 25.5600 mm): Segment of Q1 on F.Silkscreen
    @(8.3900 mm, 24.6500 mm): Segment of D1 on F.Silkscreen
[silk_overlap]: Silkscreen clearance
    Rule: board setup constraints silk; warning
    @(3.9078 mm, 8.8600 mm): Segment of C4 on F.Silkscreen
    @(3.8900 mm, 8.8900 mm): Segment of U1 on F.Silkscreen
[silk_overlap]: Silkscreen clearance
    Rule: board setup constraints silk; warning
    @(3.9078 mm, 8.8600 mm): Segment of C4 on F.Silkscreen
    @(3.8900 mm, 9.3650 mm): Segment of U1 on F.Silkscreen
[silk_overlap]: Silkscreen clearance
    Rule: board setup constraints silk; warning
    @(1.9078 mm, 11.6400 mm): Segment of C7 on F.Silkscreen
    @(0.3900 mm, 11.7100 mm): Segment of Y1 on F.Silkscreen
[silk_over_copper]: Silkscreen clipped by solder mask
    Local override; warning
    @(10.1400 mm, 16.6078 mm): Segment of C12 on F.Silkscreen
    @(10.2500 mm, 15.9375 mm): Pad 48 [/GND] of U1 on F.Cu
[silk_over_copper]: Silkscreen clipped by solder mask
    Local override; warning
    @(11.1100 mm, 16.1100 mm): Segment of U1 on F.Silkscreen
    @(10.5000 mm, 16.0200 mm): Pad 2 [/GND] of C12 on F.Cu
[silk_over_copper]: Silkscreen clipped by solder mask
    Local override; warning
    @(8.3900 mm, 24.6500 mm): Segment of D1 on F.Silkscreen
    @(8.6375 mm, 24.9500 mm): Pad 4 [/BATT_NEG] of Q1 on F.Cu
[silk_over_copper]: Silkscreen clipped by solder mask
    Local override; warning
    @(8.3900 mm, 24.6500 mm): Segment of D1 on F.Silkscreen
    @(8.6375 mm, 24.9500 mm): Pad 4 [/BATT_NEG] of Q1 on F.Cu
[silk_over_copper]: Silkscreen clipped by solder mask
    Local override; warning
    @(8.3900 mm, 24.6500 mm): Segment of D1 on F.Silkscreen
    @(11.0625 mm, 24.9500 mm): Pad 2 [/SYS_PWR] of Q2 on F.Cu
[silk_over_copper]: Silkscreen clipped by solder mask
    Local override; warning
    @(11.2400 mm, 25.5600 mm): Segment of Q2 on F.Silkscreen
    @(11.0500 mm, 25.5000 mm): Pad 2 [/VBUS_5V] of D1 on F.Cu
[silk_over_copper]: Silkscreen clipped by solder mask
    Local override; warning
    @(12.7600 mm, 25.5600 mm): Segment of Q2 on F.Silkscreen
    @(11.0500 mm, 25.5000 mm): Pad 2 [/VBUS_5V] of D1 on F.Cu
[silk_over_copper]: Silkscreen clipped by solder mask
    Local override; warning
    @(0.3900 mm, 11.7100 mm): Segment of Y1 on F.Silkscreen
    @(2.2800 mm, 12.0000 mm): Pad 1 [/VDDRF1V55] of C7 on F.Cu
[silk_over_copper]: Silkscreen clipped by solder mask
    Local override; warning
    @(0.3900 mm, 11.7100 mm): Segment of Y1 on F.Silkscreen
    @(1.3200 mm, 12.0000 mm): Pad 2 [/GND] of C7 on F.Cu
[silk_overlap]: Silkscreen clearance
    Rule: board setup constraints silk; warning
    @(6.5000 mm, 6.2000 mm): Circle of TP_NRST on B.Silkscreen
    @(5.2000 mm, 6.2000 mm): Circle of TP_BOOT0 on B.Silkscreen

** Found 1 unconnected pads **
[unconnected_items]: Missing connection between items
    Local override; error
    @(5.2500 mm, 7.2850 mm): Pad 1 [/RFO_HP] of L1 on F.Cu
    @(5.2500 mm, 6.8000 mm): Track [/RFO_HP] on F.Cu, length 0.9700 mm

** Found 0 Footprint errors **

** Ignored checks **
    - Footprint has no courtyard defined
    - Track endpoint not centered on via
    - Tuning profile track geometries
    - Footprint doesn't match symbol's footprint filters
    - Footprint component type doesn't match footprint pads

** End of Report **
