** Drc report for test_mic_opt.kicad_pcb **
** Created on 2026-09-20T17:23:08 **
** Report includes: Errors, Warnings, Exclusions **

** Found 11 DRC violations **
[tracks_crossing]: Tracks crossing
    Local override; error
    @(3.2000 mm, 14.7500 mm): Track [/MIC_SD] on B.Cu, length 2.8500 mm
    @(0.6000 mm, 13.3000 mm): Track [/MIC_WS] on B.Cu, length 12.9000 mm
[clearance]: Clearance violation ( clearance 0.2000 mm; actual 0.1000 mm)
    Local override; error
    @(1.8630 mm, 25.8000 mm): Track [/GATE_OC] on F.Cu, length 5.6370 mm
    @(6.6000 mm, 26.2000 mm): Via [/MIC_WS] on F.Cu - B.Cu
[clearance]: Clearance violation ( clearance 0.2000 mm; actual 0.1000 mm)
    Local override; error
    @(0.6000 mm, 26.2000 mm): Track [/MIC_WS] on B.Cu, length 6.0000 mm
    @(0.3500 mm, 14.7500 mm): Track [/MIC_SD] on B.Cu, length 11.8500 mm
[clearance]: Clearance violation ( clearance 0.2000 mm; actual 0.1000 mm)
    Local override; error
    @(0.3500 mm, 26.6000 mm): Track [/MIC_SD] on B.Cu, length 7.1500 mm
    @(6.6000 mm, 26.2000 mm): Via [/MIC_WS] on F.Cu - B.Cu
[shorting_items]: Items shorting two nets (nets /GND and /MIC_SD)
    Local override; error
    @(1.3200 mm, 14.5000 mm): Via [/GND] on F.Cu - B.Cu
    @(3.2000 mm, 14.7500 mm): Track [/MIC_SD] on B.Cu, length 2.8500 mm
[shorting_items]: Items shorting two nets (nets /MIC_SD and /BATT_NEG)
    Local override; error
    @(0.3500 mm, 26.6000 mm): Track [/MIC_SD] on B.Cu, length 7.1500 mm
    @(2.0000 mm, 26.8000 mm): Pad 1 [/BATT_NEG] of TP_BATT_N on B.Cu
[shorting_items]: Items shorting two nets (nets /MIC_SD and /BATT_NEG)
    Local override; error
    @(0.3500 mm, 26.6000 mm): Track [/MIC_SD] on B.Cu, length 7.1500 mm
    @(2.0000 mm, 26.8000 mm): Via [/BATT_NEG] on F.Cu - B.Cu
[copper_edge_clearance]: Board edge clearance violation (board setup constraints edge clearance 0.3000 mm; actual 0.2750 mm)
    Rule: board setup constraints edge; error
    @(0.0000 mm, 30.0000 mm): Segment on Edge.Cuts
    @(0.3500 mm, 26.6000 mm): Track [/MIC_SD] on B.Cu, length 7.1500 mm
[copper_edge_clearance]: Board edge clearance violation (board setup constraints edge clearance 0.3000 mm; actual 0.2750 mm)
    Rule: board setup constraints edge; error
    @(0.0000 mm, 30.0000 mm): Segment on Edge.Cuts
    @(3.2000 mm, 14.7500 mm): Track [/MIC_SD] on B.Cu, length 2.8500 mm
[copper_edge_clearance]: Board edge clearance violation (board setup constraints edge clearance 0.3000 mm; actual 0.2750 mm)
    Rule: board setup constraints edge; error
    @(0.0000 mm, 30.0000 mm): Segment on Edge.Cuts
    @(0.3500 mm, 14.7500 mm): Track [/MIC_SD] on B.Cu, length 11.8500 mm
[solder_mask_bridge]: Rear solder mask aperture bridges items with different nets
    Rule: board setup solder mask min width; error
    @(0.3500 mm, 26.6000 mm): Track [/MIC_SD] on B.Cu, length 7.1500 mm
    @(2.0000 mm, 26.8000 mm): Pad 1 [/BATT_NEG] of TP_BATT_N on B.Cu

** Found 1 unconnected pads **
[unconnected_items]: Missing connection between items
    Local override; error
    @(8.2500 mm, 9.5625 mm): Pad 17 [/MIC_SCK] of U1 on F.Cu
    @(8.4000 mm, 27.9580 mm): Pad 4 [/MIC_SCK] of MK1 on F.Cu

** Found 0 Footprint errors **

** Ignored checks **
    - Footprint has no courtyard defined
    - Track endpoint not centered on via
    - Tuning profile track geometries
    - Footprint doesn't match symbol's footprint filters
    - Footprint component type doesn't match footprint pads

** End of Report **
