** Drc report for test_mic_ws_sd.kicad_pcb **
** Created on 2026-09-20T16:53:33 **
** Report includes: Errors, Warnings, Exclusions **

** Found 10 DRC violations **
[clearance]: Clearance violation ( clearance 0.2000 mm; actual 0.0500 mm)
    Local override; error
    @(6.6000 mm, 26.0000 mm): Track [/MIC_WS] on F.Cu, length 1.1360 mm
    @(1.8630 mm, 25.8000 mm): Track [/GATE_OC] on F.Cu, length 5.6370 mm
[tracks_crossing]: Tracks crossing
    Local override; error
    @(0.4500 mm, 26.0000 mm): Track [/MIC_WS] on B.Cu, length 6.1500 mm
    @(0.8000 mm, 15.0000 mm): Track [/MIC_SD] on B.Cu, length 11.3500 mm
[shorting_items]: Items shorting two nets (nets /MIC_WS and /GATE_OC)
    Local override; error
    @(6.6000 mm, 26.0000 mm): Via [/MIC_WS] on F.Cu - B.Cu
    @(1.8630 mm, 25.8000 mm): Track [/GATE_OC] on F.Cu, length 5.6370 mm
[clearance]: Clearance violation ( clearance 0.2000 mm; actual 0.0500 mm)
    Local override; error
    @(0.8000 mm, 26.3500 mm): Track [/MIC_SD] on B.Cu, length 6.7000 mm
    @(6.6000 mm, 26.0000 mm): Via [/MIC_WS] on F.Cu - B.Cu
[clearance]: Clearance violation ( clearance 0.2000 mm; actual 0.1000 mm)
    Local override; error
    @(0.8000 mm, 15.0000 mm): Track [/MIC_SD] on B.Cu, length 11.3500 mm
    @(1.2000 mm, 24.2000 mm): Via [/GND] on F.Cu - B.Cu
[shorting_items]: Items shorting two nets (nets /3V3 and /MIC_WS)
    Local override; error
    @(2.2800 mm, 13.8000 mm): Via [/3V3] on F.Cu - B.Cu
    @(3.2000 mm, 13.5000 mm): Track [/MIC_WS] on B.Cu, length 2.7500 mm
[tracks_crossing]: Tracks crossing
    Local override; error
    @(0.8000 mm, 26.3500 mm): Track [/MIC_SD] on B.Cu, length 6.7000 mm
    @(3.6000 mm, 23.2500 mm): Track [/BATT_NEG] on B.Cu, length 3.5500 mm
[clearance]: Clearance violation ( clearance 0.2000 mm; actual 0.1250 mm)
    Local override; error
    @(7.5000 mm, 26.3500 mm): Via [/MIC_SD] on F.Cu - B.Cu
    @(2.0000 mm, 26.8000 mm): Track [/BATT_NEG] on B.Cu, length 6.6370 mm
[clearance]: Clearance violation ( clearance 0.2000 mm; actual 0.1750 mm)
    Local override; error
    @(2.2000 mm, 15.7500 mm): Pad 1 [/SWDIO] of TP_SWDIO on B.Cu
    @(3.2000 mm, 15.0000 mm): Track [/MIC_SD] on B.Cu, length 2.4000 mm
[solder_mask_bridge]: Rear solder mask aperture bridges items with different nets
    Rule: board setup solder mask min width; error
    @(0.8000 mm, 26.3500 mm): Track [/MIC_SD] on B.Cu, length 6.7000 mm
    @(2.0000 mm, 26.8000 mm): Pad 1 [/BATT_NEG] of TP_BATT_N on B.Cu

** Found 20 unconnected pads **
[unconnected_items]: Missing connection between items
    Local override; error
    @(8.2500 mm, 9.5625 mm): Pad 17 [/MIC_SCK] of U1 on F.Cu
    @(8.4000 mm, 27.9580 mm): Pad 4 [/MIC_SCK] of MK1 on F.Cu
[unconnected_items]: Missing connection between items
    Local override; error
    @(9.9900 mm, 29.2000 mm): Pad 1 [/LED_B_DRV] of R7 on F.Cu
    @(10.2500 mm, 9.5625 mm): Pad 13 [/LED_B_DRV] of U1 on F.Cu
[unconnected_items]: Missing connection between items
    Local override; error
    @(11.0100 mm, 29.2000 mm): Pad 2 [/LED_B] of R7 on F.Cu
    @(12.4000 mm, 28.8500 mm): Pad 2 [/LED_B] of D2 on F.Cu
[unconnected_items]: Missing connection between items
    Local override; error
    @(1.8625 mm, 23.2500 mm): Pad 1 [/GATE_OD] of U4 on F.Cu
    @(8.6375 mm, 23.2500 mm): Pad 6 [/GATE_OD] of Q1 on F.Cu
[unconnected_items]: Missing connection between items
    Local override; error
    @(4.1375 mm, 24.2000 mm): Pad 5 [/BATT_POS] of U4 on F.Cu
    @(4.8000 mm, 24.2000 mm): Pad 1 [/BATT_POS] of TP_BATT_P on B.Cu
[unconnected_items]: Missing connection between items
    Local override; error
    @(8.5500 mm, 21.2000 mm): Pad 2 [/VBUS_5V] of D1 on F.Cu
    @(11.0625 mm, 23.2500 mm): Pad 1 [/VBUS_5V] of Q2 on F.Cu
[unconnected_items]: Missing connection between items
    Local override; error
    @(11.0625 mm, 23.2500 mm): Pad 1 [/VBUS_5V] of Q2 on F.Cu
    @(13.1375 mm, 21.1500 mm): Pad 4 [/VBUS_5V] of U2 on F.Cu
[unconnected_items]: Missing connection between items
    Local override; error
    @(12.7200 mm, 13.5000 mm): Pad 1 [/VBUS_5V] of C18 on F.Cu
    @(13.5000 mm, 4.2000 mm): Pad 1 [/VBUS_5V] of TP_VBUS on B.Cu
[unconnected_items]: Missing connection between items
    Local override; error
    @(12.7200 mm, 15.5000 mm): Pad 1 [/VBUS_5V] of C10 on F.Cu
    @(12.7200 mm, 13.5000 mm): Pad 1 [/VBUS_5V] of C18 on F.Cu
[unconnected_items]: Missing connection between items
    Local override; error
    @(13.1375 mm, 21.1500 mm): Pad 4 [/VBUS_5V] of U2 on F.Cu
    @(12.7200 mm, 15.5000 mm): Pad 1 [/VBUS_5V] of C10 on F.Cu
[unconnected_items]: Missing connection between items
    Local override; error
    @(11.0100 mm, 27.5000 mm): Pad 2 [/LED_R] of R6 on F.Cu
    @(12.4000 mm, 28.1500 mm): Pad 1 [/LED_R] of D2 on F.Cu
[unconnected_items]: Missing connection between items
    Local override; error
    @(1.8625 mm, 19.2500 mm): Pad 1 [/SYS_PWR] of U5 on F.Cu
    @(1.8625 mm, 21.1500 mm): Pad 3 [/SYS_PWR] of U5 on F.Cu
[unconnected_items]: Missing connection between items
    Local override; error
    @(1.8625 mm, 21.1500 mm): Pad 3 [/SYS_PWR] of U5 on F.Cu
    @(6.4500 mm, 21.2000 mm): Pad 1 [/SYS_PWR] of D1 on F.Cu
[unconnected_items]: Missing connection between items
    Local override; error
    @(2.2800 mm, 17.0000 mm): Pad 1 [/SYS_PWR] of C9 on F.Cu
    @(1.8625 mm, 19.2500 mm): Pad 1 [/SYS_PWR] of U5 on F.Cu
[unconnected_items]: Missing connection between items
    Local override; error
    @(11.0625 mm, 25.1500 mm): Pad 2 [/SYS_PWR] of Q2 on F.Cu
    @(6.4500 mm, 21.2000 mm): Pad 1 [/SYS_PWR] of D1 on F.Cu
[unconnected_items]: Missing connection between items
    Local override; error
    @(10.8625 mm, 19.2500 mm): Pad 1 [/CHG_STAT] of U2 on F.Cu
    @(10.9375 mm, 12.7500 mm): Pad 7 [/CHG_STAT] of U1 on F.Cu
[unconnected_items]: Missing connection between items
    Local override; error
    @(9.9900 mm, 27.5000 mm): Pad 1 [/LED_R_DRV] of R6 on F.Cu
    @(10.9375 mm, 10.2500 mm): Pad 12 [/LED_R_DRV] of U1 on F.Cu
[unconnected_items]: Missing connection between items
    Local override; error
    @(10.8625 mm, 21.1500 mm): Pad 3 [/VBAT_PROT] of U2 on F.Cu
    @(12.9375 mm, 24.2000 mm): Pad 3 [/VBAT_PROT] of Q2 on F.Cu
[unconnected_items]: Missing connection between items
    Local override; error
    @(11.7200 mm, 17.8000 mm): Pad 1 [/VBAT_PROT] of C17 on F.Cu
    @(10.8625 mm, 21.1500 mm): Pad 3 [/VBAT_PROT] of U2 on F.Cu
[unconnected_items]: Missing connection between items
    Local override; error
    @(6.3625 mm, 24.2000 mm): Pad 2 [Net-(Q1-D12-Pad2)] of Q1 on F.Cu
    @(6.3625 mm, 25.1500 mm): Pad 3 [Net-(Q1-D12-Pad2)] of Q1 on F.Cu

** Found 0 Footprint errors **

** Ignored checks **
    - Footprint has no courtyard defined
    - Track endpoint not centered on via
    - Tuning profile track geometries
    - Footprint doesn't match symbol's footprint filters
    - Footprint component type doesn't match footprint pads

** End of Report **
