** Drc report for test_perfect.kicad_pcb **
** Created on 2026-09-20T11:05:26 **
** Report includes: Errors, Warnings **

** Found 20 DRC violations **
[clearance]: Clearance violation ( clearance 0.2000 mm; actual 0.1147 mm)
    Local override; error
    @(6.7500 mm, 15.9380 mm): Track [3V3] on F.Cu, length 1.0620 mm
    @(7.0200 mm, 17.5000 mm): Pad 1 [SYS_PWR] of C9 on F.Cu
[shorting_items]: Items shorting two nets (nets GND and 3V3)
    Local override; error
    @(1.8000 mm, 9.5200 mm): Pad 2 [GND] of C1 on F.Cu
    @(1.8000 mm, 10.4800 mm): Track [3V3] on F.Cu, length 0.9800 mm
[clearance]: Clearance violation ( clearance 0.2000 mm; actual 0.1250 mm)
    Local override; error
    @(8.6375 mm, 25.6500 mm): Pad 4 [BATT_NEG] of Q1 on F.Cu
    @(8.4000 mm, 27.4360 mm): Track [3V3] on F.Cu, length 1.2360 mm
[shorting_items]: Items shorting two nets (nets 3V3 and SYS_PWR)
    Local override; error
    @(6.7500 mm, 17.0000 mm): Via [3V3] on F.Cu - B.Cu
    @(7.0200 mm, 17.5000 mm): Pad 1 [SYS_PWR] of C9 on F.Cu
[shorting_items]: Items shorting two nets (nets LED_R and 3V3)
    Local override; error
    @(11.1100 mm, 27.2000 mm): Pad 2 [LED_R] of R6 on F.Cu
    @(11.5000 mm, 26.8000 mm): Via [3V3] on F.Cu - B.Cu
[shorting_items]: Items shorting two nets (nets GND and 3V3)
    Local override; error
    @(1.8000 mm, 9.5200 mm): Pad 2 [GND] of C1 on F.Cu
    @(1.8000 mm, 9.5000 mm): Via [3V3] on F.Cu - B.Cu
[shorting_items]: Items shorting two nets (nets BATT_NEG and 3V3)
    Local override; error
    @(8.6375 mm, 25.6500 mm): Pad 4 [BATT_NEG] of Q1 on F.Cu
    @(8.4000 mm, 26.2000 mm): Via [3V3] on F.Cu - B.Cu
[hole_clearance]: Hole clearance violation (board setup constraints hole clearance 0.2500 mm; actual 0.0647 mm)
    Rule: board setup constraints hole; error
    @(7.0200 mm, 17.5000 mm): Pad 1 [SYS_PWR] of C9 on F.Cu
    @(6.7500 mm, 17.0000 mm): Via [3V3] on F.Cu - B.Cu
[hole_clearance]: Hole clearance violation (board setup constraints hole clearance 0.2500 mm; actual 0.1000 mm)
    Rule: board setup constraints hole; error
    @(8.6375 mm, 25.6500 mm): Pad 4 [BATT_NEG] of Q1 on F.Cu
    @(8.4000 mm, 26.2000 mm): Via [3V3] on F.Cu - B.Cu
[hole_clearance]: Hole clearance violation (board setup constraints hole clearance 0.2500 mm; actual 0.0485 mm)
    Rule: board setup constraints hole; error
    @(11.1100 mm, 27.2000 mm): Pad 2 [LED_R] of R6 on F.Cu
    @(11.5000 mm, 26.8000 mm): Via [3V3] on F.Cu - B.Cu
[hole_clearance]: Hole clearance violation (board setup constraints hole clearance 0.2500 mm; actual 0.0000 mm)
    Rule: board setup constraints hole; error
    @(1.8000 mm, 9.5200 mm): Pad 2 [GND] of C1 on F.Cu
    @(1.8000 mm, 9.5000 mm): Via [3V3] on F.Cu - B.Cu
[starved_thermal]: Thermal relief connection to zone incomplete (layer F.Cu; zone min spoke count 2; actual 1)
    Local override; error
    @(0.1500 mm, 4.2000 mm): Zone [GND] on F.Cu, priority 0
    @(0.9000 mm, 11.9500 mm): Pad 4 [GND] of Y1 on F.Cu
[starved_thermal]: Thermal relief connection to zone incomplete (layer F.Cu; zone min spoke count 2; actual 1)
    Local override; error
    @(0.1500 mm, 4.2000 mm): Zone [GND] on F.Cu, priority 0
    @(10.2500 mm, 15.9375 mm): Pad 48 [GND] of U1 on F.Cu
[solder_mask_bridge]: Front solder mask aperture bridges items with different nets
    Rule: board setup solder mask min width; error
    @(1.8000 mm, 10.4800 mm): Track [3V3] on F.Cu, length 0.9800 mm
    @(1.8000 mm, 9.5200 mm): Pad 2 [GND] of C1 on F.Cu
[solder_mask_bridge]: Front solder mask aperture bridges items with different nets
    Rule: board setup solder mask min width; error
    @(6.7500 mm, 17.0000 mm): Via [3V3] on F.Cu - B.Cu
    @(7.0200 mm, 17.5000 mm): Pad 1 [SYS_PWR] of C9 on F.Cu
[solder_mask_bridge]: Front solder mask aperture bridges items with different nets
    Rule: board setup solder mask min width; error
    @(11.5000 mm, 26.8000 mm): Via [3V3] on F.Cu - B.Cu
    @(11.1100 mm, 27.2000 mm): Pad 2 [LED_R] of R6 on F.Cu
[solder_mask_bridge]: Front solder mask aperture bridges items with different nets
    Rule: board setup solder mask min width; error
    @(8.4000 mm, 26.2000 mm): Via [3V3] on F.Cu - B.Cu
    @(8.6375 mm, 25.6500 mm): Pad 4 [BATT_NEG] of Q1 on F.Cu
[solder_mask_bridge]: Front solder mask aperture bridges items with different nets
    Rule: board setup solder mask min width; error
    @(1.8000 mm, 9.5000 mm): Via [3V3] on F.Cu - B.Cu
    @(1.8000 mm, 9.5200 mm): Pad 2 [GND] of C1 on F.Cu
[via_dangling]: Via is not connected or connected on only one layer
    Local override; warning
    @(10.3500 mm, 3.0000 mm): Via [GND] on F.Cu - B.Cu
[track_dangling]: Track has unconnected end
    Local override; warning
    @(3.2000 mm, 10.7500 mm): Track [3V3] on F.Cu, length 1.4705 mm

** Found 44 unconnected pads **
[unconnected_items]: Missing connection between items
    Local override; error
    @(1.8000 mm, 9.5200 mm): Pad 2 [GND] of C1 on F.Cu
    @(1.8000 mm, 7.2900 mm): Pad 2 [GND] of R1 on F.Cu
[unconnected_items]: Missing connection between items
    Local override; error
    @(0.1500 mm, 4.2000 mm): Zone [GND] on F.Cu, priority 0
    @(0.1500 mm, 4.2000 mm): Zone [GND] on F.Cu, priority 0
[unconnected_items]: Missing connection between items
    Local override; error
    @(7.4800 mm, 4.6000 mm): Pad 2 [GND] of C14 on F.Cu
    @(10.3500 mm, 3.0000 mm): Via [GND] on F.Cu - B.Cu
[unconnected_items]: Missing connection between items
    Local override; error
    @(0.1500 mm, 4.2000 mm): Zone [GND] on F.Cu, priority 0
    @(10.2500 mm, 15.9375 mm): Pad 48 [GND] of U1 on F.Cu
[unconnected_items]: Missing connection between items
    Local override; error
    @(0.1500 mm, 4.2000 mm): Zone [GND] on F.Cu, priority 0
    @(10.2500 mm, 15.9375 mm): Pad 48 [GND] of U1 on F.Cu
[unconnected_items]: Missing connection between items
    Local override; error
    @(1.8625 mm, 23.7500 mm): Pad 1 [BATT_NEG] of U4 on F.Cu
    @(1.8625 mm, 25.6500 mm): Pad 3 [BATT_NEG] of U4 on F.Cu
[unconnected_items]: Missing connection between items
    Local override; error
    @(4.1375 mm, 23.7500 mm): Pad 6 [BATT_NEG] of U4 on F.Cu
    @(1.8625 mm, 23.7500 mm): Pad 1 [BATT_NEG] of U4 on F.Cu
[unconnected_items]: Missing connection between items
    Local override; error
    @(6.3625 mm, 24.7000 mm): Pad 2 [BATT_NEG] of Q1 on F.Cu
    @(4.1375 mm, 23.7500 mm): Pad 6 [BATT_NEG] of U4 on F.Cu
[unconnected_items]: Missing connection between items
    Local override; error
    @(6.3625 mm, 25.6500 mm): Pad 3 [BATT_NEG] of Q1 on F.Cu
    @(6.3625 mm, 24.7000 mm): Pad 2 [BATT_NEG] of Q1 on F.Cu
[unconnected_items]: Missing connection between items
    Local override; error
    @(7.5000 mm, 26.8000 mm): Pad 1 [BATT_NEG] of TP_BATT_N on B.Cu
    @(6.3625 mm, 25.6500 mm): Pad 3 [BATT_NEG] of Q1 on F.Cu
[unconnected_items]: Missing connection between items
    Local override; error
    @(7.5000 mm, 26.8000 mm): Pad 1 [BATT_NEG] of TP_BATT_N on B.Cu
    @(8.6375 mm, 25.6500 mm): Pad 4 [BATT_NEG] of Q1 on F.Cu
[unconnected_items]: Missing connection between items
    Local override; error
    @(8.6375 mm, 25.6500 mm): Pad 4 [BATT_NEG] of Q1 on F.Cu
    @(8.6375 mm, 24.7000 mm): Pad 5 [BATT_NEG] of Q1 on F.Cu
[unconnected_items]: Missing connection between items
    Local override; error
    @(1.8625 mm, 19.8500 mm): Pad 1 [SYS_PWR] of U5 on F.Cu
    @(1.8625 mm, 21.7500 mm): Pad 3 [SYS_PWR] of U5 on F.Cu
[unconnected_items]: Missing connection between items
    Local override; error
    @(4.7500 mm, 9.0625 mm): Pad 24 [SYS_PWR] of U1 on F.Cu
    @(7.0200 mm, 17.5000 mm): Pad 1 [SYS_PWR] of C9 on F.Cu
[unconnected_items]: Missing connection between items
    Local override; error
    @(6.0000 mm, 21.2800 mm): Pad 1 [SYS_PWR] of C20 on F.Cu
    @(1.8625 mm, 21.7500 mm): Pad 3 [SYS_PWR] of U5 on F.Cu
[unconnected_items]: Missing connection between items
    Local override; error
    @(6.0000 mm, 21.2800 mm): Pad 1 [SYS_PWR] of C20 on F.Cu
    @(11.0625 mm, 25.6500 mm): Pad 2 [SYS_PWR] of Q2 on F.Cu
[unconnected_items]: Missing connection between items
    Local override; error
    @(7.0200 mm, 17.5000 mm): Pad 1 [SYS_PWR] of C9 on F.Cu
    @(6.0000 mm, 21.2800 mm): Pad 1 [SYS_PWR] of C20 on F.Cu
[unconnected_items]: Missing connection between items
    Local override; error
    @(10.0200 mm, 17.5000 mm): Pad 1 [SYS_PWR] of C10 on F.Cu
    @(7.0200 mm, 17.5000 mm): Pad 1 [SYS_PWR] of C9 on F.Cu
[unconnected_items]: Missing connection between items
    Local override; error
    @(3.5000 mm, 7.8000 mm): Pad 1 [BOOT0] of TP_BOOT0 on B.Cu
    @(1.8000 mm, 8.3100 mm): Pad 1 [BOOT0] of R1 on F.Cu
[unconnected_items]: Missing connection between items
    Local override; error
    @(7.2500 mm, 9.0625 mm): Pad 19 [BOOT0] of U1 on F.Cu
    @(3.5000 mm, 7.8000 mm): Pad 1 [BOOT0] of TP_BOOT0 on B.Cu
[unconnected_items]: Missing connection between items
    Local override; error
    @(1.8000 mm, 10.4800 mm): Track [3V3] on F.Cu, length 0.9800 mm
    @(3.2000 mm, 10.7500 mm): Track [3V3] on F.Cu, length 1.4705 mm
[unconnected_items]: Missing connection between items
    Local override; error
    @(1.8000 mm, 15.4800 mm): Track [3V3] on F.Cu, length 0.8000 mm
    @(1.8000 mm, 17.6800 mm): Pad 1 [3V3] of C11 on F.Cu
[unconnected_items]: Missing connection between items
    Local override; error
    @(1.8000 mm, 29.2800 mm): Pad 1 [3V3] of C16 on F.Cu
    @(3.5000 mm, 29.2800 mm): Pad 1 [3V3] of C15 on F.Cu
[unconnected_items]: Missing connection between items
    Local override; error
    @(3.5000 mm, 29.2800 mm): Pad 1 [3V3] of C15 on F.Cu
    @(8.4000 mm, 27.4360 mm): Track [3V3] on F.Cu, length 1.2360 mm
[unconnected_items]: Missing connection between items
    Local override; error
    @(7.7500 mm, 9.0625 mm): Pad 18 [NRST] of U1 on F.Cu
    @(1.8000 mm, 5.9800 mm): Pad 1 [NRST] of C12 on F.Cu
[unconnected_items]: Missing connection between items
    Local override; error
    @(9.5000 mm, 24.5000 mm): Pad 1 [NRST] of TP_NRST on B.Cu
    @(7.7500 mm, 9.0625 mm): Pad 18 [NRST] of U1 on F.Cu
[unconnected_items]: Missing connection between items
    Local override; error
    @(10.0900 mm, 29.4000 mm): Pad 1 [LED_B] of R7 on F.Cu
    @(11.1100 mm, 29.4000 mm): Pad 2 [LED_B] of R7 on F.Cu
[unconnected_items]: Missing connection between items
    Local override; error
    @(10.2500 mm, 9.0625 mm): Pad 13 [LED_B] of U1 on F.Cu
    @(10.0900 mm, 29.4000 mm): Pad 1 [LED_B] of R7 on F.Cu
[unconnected_items]: Missing connection between items
    Local override; error
    @(0.9000 mm, 13.0500 mm): Pad 1 [OSC_IN] of Y1 on F.Cu
    @(4.0625 mm, 10.2500 mm): Pad 26 [OSC_IN] of U1 on F.Cu
[unconnected_items]: Missing connection between items
    Local override; error
    @(2.3000 mm, 11.9500 mm): Pad 3 [OSC_OUT] of Y1 on F.Cu
    @(4.0625 mm, 10.7500 mm): Pad 27 [OSC_OUT] of U1 on F.Cu
[unconnected_items]: Missing connection between items
    Local override; error
    @(10.8625 mm, 21.7500 mm): Pad 3 [VBAT_PROT] of U2 on F.Cu
    @(12.9375 mm, 24.7000 mm): Pad 3 [VBAT_PROT] of Q2 on F.Cu
[unconnected_items]: Missing connection between items
    Local override; error
    @(13.2000 mm, 17.8800 mm): Pad 1 [VBAT_PROT] of C17 on F.Cu
    @(10.8625 mm, 21.7500 mm): Pad 3 [VBAT_PROT] of U2 on F.Cu
[unconnected_items]: Missing connection between items
    Local override; error
    @(11.0625 mm, 23.7500 mm): Pad 1 [VBUS_5V] of Q2 on F.Cu
    @(13.1375 mm, 21.7500 mm): Pad 4 [VBUS_5V] of U2 on F.Cu
[unconnected_items]: Missing connection between items
    Local override; error
    @(13.1375 mm, 21.7500 mm): Pad 4 [VBUS_5V] of U2 on F.Cu
    @(13.2000 mm, 15.6800 mm): Pad 1 [VBUS_5V] of C18 on F.Cu
[unconnected_items]: Missing connection between items
    Local override; error
    @(13.2000 mm, 15.6800 mm): Pad 1 [VBUS_5V] of C18 on F.Cu
    @(11.5000 mm, 7.8000 mm): Pad 1 [VBUS_5V] of TP_VBUS on B.Cu
[unconnected_items]: Missing connection between items
    Local override; error
    @(10.9375 mm, 9.7500 mm): Pad 12 [LED_R] of U1 on F.Cu
    @(11.1100 mm, 27.2000 mm): Pad 2 [LED_R] of R6 on F.Cu
[unconnected_items]: Missing connection between items
    Local override; error
    @(11.1100 mm, 27.2000 mm): Pad 2 [LED_R] of R6 on F.Cu
    @(10.0900 mm, 27.2000 mm): Pad 1 [LED_R] of R6 on F.Cu
[unconnected_items]: Missing connection between items
    Local override; error
    @(13.0000 mm, 29.0875 mm): Pad 1 [LED_R] of D2 on F.Cu
    @(11.1100 mm, 27.2000 mm): Pad 2 [LED_R] of R6 on F.Cu
[unconnected_items]: Missing connection between items
    Local override; error
    @(4.0625 mm, 13.2500 mm): Pad 32 [MIC_WS] of U1 on F.Cu
    @(6.6000 mm, 27.4360 mm): Pad 1 [MIC_WS] of MK1 on F.Cu
[unconnected_items]: Missing connection between items
    Local override; error
    @(8.2500 mm, 9.0625 mm): Pad 17 [MIC_SCK] of U1 on F.Cu
    @(8.4000 mm, 28.2580 mm): Pad 4 [MIC_SCK] of MK1 on F.Cu
[unconnected_items]: Missing connection between items
    Local override; error
    @(4.0625 mm, 13.7500 mm): Pad 33 [MIC_SD] of U1 on F.Cu
    @(7.5000 mm, 27.4360 mm): Pad 6 [MIC_SD] of MK1 on F.Cu
[unconnected_items]: Missing connection between items
    Local override; error
    @(3.5000 mm, 26.8000 mm): Pad 1 [BATT_POS] of TP_BATT_P on B.Cu
    @(4.1375 mm, 24.7000 mm): Pad 5 [BATT_POS] of U4 on F.Cu
[unconnected_items]: Missing connection between items
    Local override; error
    @(4.0625 mm, 15.2500 mm): Pad 36 [SWDIO] of U1 on F.Cu
    @(5.5000 mm, 22.8000 mm): Pad 1 [SWDIO] of TP_SWDIO on B.Cu
[unconnected_items]: Missing connection between items
    Local override; error
    @(7.2500 mm, 15.9375 mm): Pad 42 [SWCLK] of U1 on F.Cu
    @(7.5000 mm, 22.8000 mm): Pad 1 [SWCLK] of TP_SWCLK on B.Cu

** Found 0 Footprint errors **

** Ignored checks **
    - Footprint has no courtyard defined
    - Track endpoint not centered on via
    - Tuning profile track geometries
    - Footprint doesn't match symbol's footprint filters
    - Footprint component type doesn't match footprint pads

** End of Report **
