** Drc report for test_step6.kicad_pcb **
** Created on 2026-09-20T16:13:12 **
** Report includes: Errors, Warnings **

** Found 15 DRC violations **
[shorting_items]: Items shorting two nets (nets /VBAT_PROT and /CHG_STAT)
    Local override; error
    @(11.7200 mm, 17.8000 mm): Via [/VBAT_PROT] on F.Cu - B.Cu
    @(11.8000 mm, 12.7500 mm): Track [/CHG_STAT] on B.Cu, length 6.5000 mm
[clearance]: Clearance violation ( clearance 0.2000 mm; actual 0.0880 mm)
    Local override; error
    @(11.7200 mm, 17.8000 mm): Track [/VBAT_PROT] on B.Cu, length 3.4586 mm
    @(11.8000 mm, 19.2500 mm): Via [/CHG_STAT] on F.Cu - B.Cu
[clearance]: Clearance violation ( clearance 0.2000 mm; actual 0.0250 mm)
    Local override; error
    @(8.6375 mm, 23.2500 mm): Pad 6 [/GATE_OD] of Q1 on F.Cu
    @(11.0600 mm, 22.8000 mm): Track [/VBUS_5V] on F.Cu, length 2.5100 mm
[clearance]: Clearance violation ( clearance 0.2000 mm; actual 0.0250 mm)
    Local override; error
    @(8.6375 mm, 23.2500 mm): Pad 6 [/GATE_OD] of Q1 on F.Cu
    @(8.5500 mm, 22.8000 mm): Track [/VBUS_5V] on F.Cu, length 1.6000 mm
[shorting_items]: Items shorting two nets (nets /VBUS_5V and /GND)
    Local override; error
    @(13.5000 mm, 16.5000 mm): Track [/VBUS_5V] on B.Cu, length 1.5000 mm
    @(12.6800 mm, 16.8000 mm): Via [/GND] on F.Cu - B.Cu
[shorting_items]: Items shorting two nets (nets /CHG_STAT and /VBUS_5V)
    Local override; error
    @(11.8000 mm, 19.2500 mm): Via [/CHG_STAT] on F.Cu - B.Cu
    @(12.0000 mm, 16.5000 mm): Track [/VBUS_5V] on B.Cu, length 4.6500 mm
[clearance]: Clearance violation ( clearance 0.2000 mm; actual 0.0996 mm)
    Local override; error
    @(7.2500 mm, 21.0000 mm): Pad 1 [/SWCLK] of TP_SWCLK on B.Cu
    @(6.4500 mm, 21.2000 mm): Via [/SYS_PWR] on F.Cu - B.Cu
[clearance]: Clearance violation ( clearance 0.2000 mm; actual 0.0500 mm)
    Local override; error
    @(8.6400 mm, 25.1500 mm): Via [/BATT_NEG] on F.Cu - B.Cu
    @(8.6400 mm, 24.8000 mm): Track [/GATE_OC] on B.Cu, length 0.6000 mm
[shorting_items]: Items shorting two nets (nets /3V3 and /BATT_NEG)
    Local override; error
    @(8.4000 mm, 26.2000 mm): Via [/3V3] on F.Cu - B.Cu
    @(8.6400 mm, 26.8000 mm): Track [/BATT_NEG] on B.Cu, length 1.6500 mm
[clearance]: Clearance violation ( clearance 0.2000 mm; actual 0.0500 mm)
    Local override; error
    @(8.6400 mm, 25.1500 mm): Via [/BATT_NEG] on F.Cu - B.Cu
    @(1.3000 mm, 24.8000 mm): Track [/GATE_OC] on B.Cu, length 7.3400 mm
[shorting_items]: Items shorting two nets (nets /BATT_NEG and /BATT_POS)
    Local override; error
    @(3.5000 mm, 23.2500 mm): Track [/BATT_NEG] on F.Cu, length 3.5500 mm
    @(4.1375 mm, 24.2000 mm): Pad 5 [/BATT_POS] of U4 on F.Cu
[tracks_crossing]: Tracks crossing
    Local override; error
    @(6.4500 mm, 21.2000 mm): Track [/SYS_PWR] on B.Cu, length 6.2000 mm
    @(3.5000 mm, 26.8000 mm): Track [/BATT_NEG] on B.Cu, length 5.1400 mm
[solder_mask_bridge]: Front solder mask aperture bridges items with different nets
    Rule: board setup solder mask min width; error
    @(3.5000 mm, 23.2500 mm): Track [/BATT_NEG] on F.Cu, length 3.5500 mm
    @(4.1375 mm, 25.1500 mm): Pad 4 [<no net>] of U4 on F.Cu
[solder_mask_bridge]: Front solder mask aperture bridges items with different nets
    Rule: board setup solder mask min width; error
    @(3.5000 mm, 23.2500 mm): Track [/BATT_NEG] on F.Cu, length 3.5500 mm
    @(4.1375 mm, 24.2000 mm): Pad 5 [/BATT_POS] of U4 on F.Cu
[copper_sliver]: Copper sliver (B.Cu)
    Local override; warning

** Found 7 unconnected pads **
[unconnected_items]: Missing connection between items
    Local override; error
    @(9.9900 mm, 29.2000 mm): Pad 1 [/LED_B_DRV] of R7 on F.Cu
    @(10.2500 mm, 9.5625 mm): Pad 13 [/LED_B_DRV] of U1 on F.Cu
[unconnected_items]: Missing connection between items
    Local override; error
    @(11.0100 mm, 29.2000 mm): Pad 2 [/LED_B] of R7 on F.Cu
    @(12.4000 mm, 28.8500 mm): Pad 2 [/LED_B] of D2 on F.Cu
[unconnected_items]: Missing connection between items
    Local override; error
    @(9.9900 mm, 27.5000 mm): Pad 1 [/LED_R_DRV] of R6 on F.Cu
    @(10.9375 mm, 10.2500 mm): Pad 12 [/LED_R_DRV] of U1 on F.Cu
[unconnected_items]: Missing connection between items
    Local override; error
    @(8.2500 mm, 9.5625 mm): Pad 17 [/MIC_SCK] of U1 on F.Cu
    @(8.4000 mm, 27.9580 mm): Pad 4 [/MIC_SCK] of MK1 on F.Cu
[unconnected_items]: Missing connection between items
    Local override; error
    @(4.0625 mm, 13.7500 mm): Pad 32 [/MIC_WS] of U1 on F.Cu
    @(6.6000 mm, 27.1360 mm): Pad 1 [/MIC_WS] of MK1 on F.Cu
[unconnected_items]: Missing connection between items
    Local override; error
    @(4.0625 mm, 14.2500 mm): Pad 33 [/MIC_SD] of U1 on F.Cu
    @(7.5000 mm, 27.1360 mm): Pad 6 [/MIC_SD] of MK1 on F.Cu
[unconnected_items]: Missing connection between items
    Local override; error
    @(11.0100 mm, 27.5000 mm): Pad 2 [/LED_R] of R6 on F.Cu
    @(12.4000 mm, 28.1500 mm): Pad 1 [/LED_R] of D2 on F.Cu

** Found 0 Footprint errors **

** Ignored checks **
    - Footprint has no courtyard defined
    - Track endpoint not centered on via
    - Tuning profile track geometries
    - Footprint doesn't match symbol's footprint filters
    - Footprint component type doesn't match footprint pads

** End of Report **
