** Drc report for test_rf_full.kicad_pcb **
** Created on 2026-09-20T21:12:03 **
** Report includes: Errors, Warnings, Exclusions **

** Found 33 DRC violations **
[shorting_items]: Items shorting two nets (nets /RF_50OHM and )
    Local override; error
    @(6.7350 mm, 8.6500 mm): Pad 2 [/RF_50OHM] of L3 on F.Cu
    @(6.4350 mm, 8.3500 mm): Track [<no net>] on F.Cu, length 0.4243 mm
[shorting_items]: Items shorting two nets (nets /RF_50OHM and )
    Local override; error
    @(6.7350 mm, 8.6500 mm): Pad 2 [/RF_50OHM] of L3 on F.Cu
    @(6.7500 mm, 8.6500 mm): Track [<no net>] on F.Cu, length 0.0150 mm
[shorting_items]: Items shorting two nets (nets /RF_50OHM and )
    Local override; error
    @(6.7350 mm, 8.6500 mm): Pad 2 [/RF_50OHM] of L3 on F.Cu
    @(6.7500 mm, 9.5625 mm): Track [<no net>] on F.Cu, length 0.9125 mm
[shorting_items]: Items shorting two nets (nets /RF_50OHM and )
    Local override; error
    @(6.7350 mm, 8.6500 mm): Pad 2 [/RF_50OHM] of L3 on F.Cu
    @(6.4350 mm, 6.3150 mm): Track [<no net>] on F.Cu, length 2.0350 mm
[clearance]: Clearance violation ( clearance 0.2000 mm; actual 0.1050 mm)
    Local override; error
    @(5.7650 mm, 7.1700 mm): Pad 2 [/GND] of C23 on F.Cu
    @(5.2500 mm, 7.2850 mm): Track [/RFO_HP] on F.Cu, length 0.9650 mm
[shorting_items]: Items shorting two nets (nets  and /RFO_HP)
    Local override; error
    @(6.2500 mm, 9.5625 mm): Pad 21 [<no net>] of U1 on F.Cu
    @(6.2500 mm, 9.5625 mm): Track [/RFO_HP] on F.Cu, length 0.4275 mm
[shorting_items]: Items shorting two nets (nets  and /RFO_HP)
    Local override; error
    @(6.2500 mm, 9.5625 mm): Pad 21 [<no net>] of U1 on F.Cu
    @(6.2500 mm, 9.1350 mm): Track [/RFO_HP] on F.Cu, length 0.6859 mm
[clearance]: Clearance violation ( clearance 0.2000 mm; actual 0.0600 mm)
    Local override; error
    @(5.2500 mm, 9.5625 mm): Track [/RFO_HP] on F.Cu, length 2.2775 mm
    @(5.7650 mm, 7.1700 mm): Pad 2 [/GND] of C23 on F.Cu
[shorting_items]: Items shorting two nets (nets /TP_RF and /GND)
    Local override; error
    @(7.3100 mm, 5.2000 mm): Track [/TP_RF] on B.Cu, length 2.0000 mm
    @(7.2500 mm, 6.3000 mm): Via [/GND] on F.Cu - B.Cu
[clearance]: Clearance violation ( clearance 0.2000 mm; actual 0.1450 mm)
    Local override; error
    @(6.7350 mm, 8.6500 mm): Pad 2 [/RF_50OHM] of L3 on F.Cu
    @(7.2500 mm, 9.5600 mm): Track [/BOOT0] on F.Cu, length 1.5500 mm
[shorting_items]: Items shorting two nets (nets /RFO_HP and /GND)
    Local override; error
    @(5.2500 mm, 7.2850 mm): Pad 1 [/RFO_HP] of L1 on F.Cu
    @(5.7650 mm, 7.1700 mm): Pad 2 [/GND] of C23 on F.Cu
[clearance]: Clearance violation ( clearance 0.2000 mm; actual 0.1550 mm)
    Local override; error
    @(5.7650 mm, 8.6500 mm): Pad 1 [/RFO_HP] of L3 on F.Cu
    @(5.7500 mm, 9.5625 mm): Pad 22 [<no net>] of U1 on F.Cu
[clearance]: Clearance violation ( clearance 0.2000 mm; actual 0.1550 mm)
    Local override; error
    @(6.7350 mm, 8.6500 mm): Pad 2 [/RF_50OHM] of L3 on F.Cu
    @(6.7500 mm, 9.5625 mm): Pad 20 [<no net>] of U1 on F.Cu
[clearance]: Clearance violation ( clearance 0.2000 mm; actual 0.0968 mm)
    Local override; error
    @(6.7350 mm, 8.6500 mm): Pad 2 [/RF_50OHM] of L3 on F.Cu
    @(7.2500 mm, 8.0100 mm): Pad 1 [/BOOT0] of R1 on F.Cu
[courtyards_overlap]: Courtyards overlap
    Rule: board setup constraints courtyard; error
    @(5.2500 mm, 6.8000 mm): Footprint L1
    @(5.7650 mm, 7.6500 mm): Footprint C23
[courtyards_overlap]: Courtyards overlap
    Rule: board setup constraints courtyard; error
    @(5.2500 mm, 6.8000 mm): Footprint L1
    @(5.9500 mm, 6.3150 mm): Footprint C22
[courtyards_overlap]: Courtyards overlap
    Rule: board setup constraints courtyard; error
    @(5.7650 mm, 7.6500 mm): Footprint C23
    @(6.2500 mm, 8.6500 mm): Footprint L3
[courtyards_overlap]: Courtyards overlap
    Rule: board setup constraints courtyard; error
    @(5.7650 mm, 7.6500 mm): Footprint C23
    @(4.8000 mm, 8.4000 mm): Footprint L2
[courtyards_overlap]: Courtyards overlap
    Rule: board setup constraints courtyard; error
    @(5.7650 mm, 7.6500 mm): Footprint C23
    @(5.9500 mm, 6.3150 mm): Footprint C22
[courtyards_overlap]: Courtyards overlap
    Rule: board setup constraints courtyard; error
    @(6.2500 mm, 8.6500 mm): Footprint L3
    @(7.2500 mm, 7.5000 mm): Footprint R1
[courtyards_overlap]: Courtyards overlap
    Rule: board setup constraints courtyard; error
    @(6.2500 mm, 8.6500 mm): Footprint L3
    @(4.8000 mm, 8.4000 mm): Footprint L2
[courtyards_overlap]: Courtyards overlap
    Rule: board setup constraints courtyard; error
    @(6.2500 mm, 8.6500 mm): Footprint L3
    @(7.5000 mm, 13.0000 mm): Footprint U1
[courtyards_overlap]: Courtyards overlap
    Rule: board setup constraints courtyard; error
    @(7.2500 mm, 7.5000 mm): Footprint R1
    @(5.9500 mm, 6.3150 mm): Footprint C22
[solder_mask_bridge]: Front solder mask aperture bridges items with different nets
    Rule: board setup solder mask min width; error
    @(6.7500 mm, 9.5625 mm): Track [<no net>] on F.Cu, length 0.9125 mm
    @(6.7350 mm, 8.6500 mm): Pad 2 [/RF_50OHM] of L3 on F.Cu
[solder_mask_bridge]: Front solder mask aperture bridges items with different nets
    Rule: board setup solder mask min width; error
    @(6.7500 mm, 9.5625 mm): Track [<no net>] on F.Cu, length 0.9125 mm
    @(6.7500 mm, 9.5625 mm): Pad 20 [<no net>] of U1 on F.Cu
[solder_mask_bridge]: Front solder mask aperture bridges items with different nets
    Rule: board setup solder mask min width; error
    @(6.4350 mm, 8.3500 mm): Track [<no net>] on F.Cu, length 0.4243 mm
    @(6.7350 mm, 8.6500 mm): Pad 2 [/RF_50OHM] of L3 on F.Cu
[solder_mask_bridge]: Front solder mask aperture bridges items with different nets
    Rule: board setup solder mask min width; error
    @(6.2500 mm, 9.1350 mm): Track [/RFO_HP] on F.Cu, length 0.6859 mm
    @(6.2500 mm, 9.5625 mm): Pad 21 [<no net>] of U1 on F.Cu
[solder_mask_bridge]: Front solder mask aperture bridges items with different nets
    Rule: board setup solder mask min width; error
    @(6.4350 mm, 6.3150 mm): Track [<no net>] on F.Cu, length 2.0350 mm
    @(6.7350 mm, 8.6500 mm): Pad 2 [/RF_50OHM] of L3 on F.Cu
[solder_mask_bridge]: Front solder mask aperture bridges items with different nets
    Rule: board setup solder mask min width; error
    @(6.4350 mm, 6.3150 mm): Track [<no net>] on F.Cu, length 2.0350 mm
    @(6.4300 mm, 6.3150 mm): Pad 2 [/GND] of C22 on F.Cu
[solder_mask_bridge]: Front solder mask aperture bridges items with different nets
    Rule: board setup solder mask min width; error
    @(6.2500 mm, 9.5625 mm): Track [/RFO_HP] on F.Cu, length 0.4275 mm
    @(6.2500 mm, 9.5625 mm): Pad 21 [<no net>] of U1 on F.Cu
[solder_mask_bridge]: Front solder mask aperture bridges items with different nets
    Rule: board setup solder mask min width; error
    @(6.7500 mm, 8.6500 mm): Track [<no net>] on F.Cu, length 0.0150 mm
    @(6.7350 mm, 8.6500 mm): Pad 2 [/RF_50OHM] of L3 on F.Cu
[solder_mask_bridge]: Front solder mask aperture bridges items with different nets
    Rule: board setup solder mask min width; error
    @(5.2500 mm, 7.2850 mm): Pad 1 [/RFO_HP] of L1 on F.Cu
    @(5.7650 mm, 7.1700 mm): Pad 2 [/GND] of C23 on F.Cu
[silk_over_copper]: Silkscreen clipped by solder mask
    Local override; warning
    @(5.4050 mm, 7.7578 mm): Segment of C23 on F.Silkscreen
    @(5.2500 mm, 7.2850 mm): Pad 1 [/RFO_HP] of L1 on F.Cu

** Found 3 unconnected pads **
[unconnected_items]: Missing connection between items
    Local override; error
    @(6.4300 mm, 6.3150 mm): Pad 2 [/GND] of C22 on F.Cu
    @(7.2500 mm, 6.3000 mm): Via [/GND] on F.Cu - B.Cu
[unconnected_items]: Missing connection between items
    Local override; error
    @(6.4300 mm, 6.3150 mm): Pad 2 [/GND] of C22 on F.Cu
    @(5.7650 mm, 7.1700 mm): Pad 2 [/GND] of C23 on F.Cu
[unconnected_items]: Missing connection between items
    Local override; error
    @(5.4700 mm, 6.3150 mm): Pad 1 [/RF_50OHM] of C22 on F.Cu
    @(6.7350 mm, 8.6500 mm): Pad 2 [/RF_50OHM] of L3 on F.Cu

** Found 0 Footprint errors **

** Ignored checks **
    - Footprint has no courtyard defined
    - Track endpoint not centered on via
    - Tuning profile track geometries
    - Footprint doesn't match symbol's footprint filters
    - Footprint component type doesn't match footprint pads

** End of Report **
