
Merging object attributes


Discarded input sections

 .text          0x00000000        0x0 src/startup.o
 .ARM.exidx.text.Default_Handler
                0x00000000        0x8 src/startup.o
 .ARM.exidx.text.Reset_Handler
                0x00000000        0x8 src/startup.o
 .text.__aeabi_memcpy
                0x00000000       0x12 src/startup.o
 .ARM.exidx.text.__aeabi_memcpy
                0x00000000        0x8 src/startup.o
 .ARM.exidx.text.__aeabi_memcpy4
                0x00000000        0x8 src/startup.o
 .ARM.exidx.text.__aeabi_memclr
                0x00000000        0x8 src/startup.o
 .ARM.exidx.text.__aeabi_memclr4
                0x00000000        0x8 src/startup.o
 .text.__aeabi_memset
                0x00000000        0xe src/startup.o
 .ARM.exidx.text.__aeabi_memset
                0x00000000        0x8 src/startup.o
 .llvm_addrsig  0x00000000       0x10 src/startup.o
 .text          0x00000000        0x0 src/main.o
 .ARM.exidx.text.main
                0x00000000        0x8 src/main.o
 .llvm_addrsig  0x00000000        0x3 src/main.o
 .text          0x00000000        0x0 codec/adpcm.o
 .ARM.exidx.text.adpcm_reset
                0x00000000        0x8 codec/adpcm.o
 .ARM.exidx.text.adpcm_encode
                0x00000000        0x8 codec/adpcm.o
 .text.adpcm_decode
                0x00000000      0x102 codec/adpcm.o
 .ARM.exidx.text.adpcm_decode
                0x00000000        0x8 codec/adpcm.o
 .llvm_addrsig  0x00000000        0x0 codec/adpcm.o
 .text          0x00000000        0x0 audio/audio_i2s.o
 .ARM.exidx.text.audio_i2s_init
                0x00000000        0x8 audio/audio_i2s.o
 .ARM.exidx.text.audio_i2s_start
                0x00000000        0x8 audio/audio_i2s.o
 .ARM.exidx.text.audio_i2s_stop
                0x00000000        0x8 audio/audio_i2s.o
 .ARM.exidx.text.audio_i2s_get_frame
                0x00000000        0x8 audio/audio_i2s.o
 .text.audio_i2s_dma_half_transfer_callback
                0x00000000        0xe audio/audio_i2s.o
 .ARM.exidx.text.audio_i2s_dma_half_transfer_callback
                0x00000000        0x8 audio/audio_i2s.o
 .text.audio_i2s_dma_transfer_callback
                0x00000000        0xe audio/audio_i2s.o
 .ARM.exidx.text.audio_i2s_dma_transfer_callback
                0x00000000        0x8 audio/audio_i2s.o
 .llvm_addrsig  0x00000000        0x3 audio/audio_i2s.o
 .text          0x00000000        0x0 radio/subghz_radio.o
 .ARM.exidx.text.subghz_radio_init
                0x00000000        0x8 radio/subghz_radio.o
 .ARM.exidx.text.subghz_write_cmd
                0x00000000        0x8 radio/subghz_radio.o
 .ARM.exidx.text.subghz_radio_send_frame
                0x00000000        0x8 radio/subghz_radio.o
 .ARM.exidx.text.subghz_radio_receive_ack
                0x00000000        0x8 radio/subghz_radio.o
 .ARM.exidx.text.subghz_radio_sleep
                0x00000000        0x8 radio/subghz_radio.o
 .llvm_addrsig  0x00000000        0x0 radio/subghz_radio.o
 .text          0x00000000        0x0 power/power_mgr.o
 .ARM.exidx.text.power_mgr_init
                0x00000000        0x8 power/power_mgr.o
 .ARM.exidx.text.power_mgr_update
                0x00000000        0x8 power/power_mgr.o
 .ARM.exidx.text.power_mgr_sleep
                0x00000000        0x8 power/power_mgr.o
 .llvm_addrsig  0x00000000        0x0 power/power_mgr.o
 .text          0x00000000        0x0 ui/led_ui.o
 .ARM.exidx.text.led_ui_init
                0x00000000        0x8 ui/led_ui.o
 .ARM.exidx.text.led_ui_set_red
                0x00000000        0x8 ui/led_ui.o
 .text.led_ui_set_blue
                0x00000000       0x14 ui/led_ui.o
 .ARM.exidx.text.led_ui_set_blue
                0x00000000        0x8 ui/led_ui.o
 .ARM.exidx.text.led_ui_indicate_cmd
                0x00000000        0x8 ui/led_ui.o
 .ARM.exidx.text.led_ui_tick
                0x00000000        0x8 ui/led_ui.o
 .llvm_addrsig  0x00000000        0x0 ui/led_ui.o

Memory Configuration

Name             Origin             Length             Attributes
FLASH            0x08000000         0x00040000         xr
RAM              0x20000000         0x00010000         rw
*default*        0x00000000         0xffffffff

Linker script and memory map

                0x20010000                        _estack = (ORIGIN (RAM) + LENGTH (RAM))

.isr_vector     0x08000000       0x40
                0x08000000                        . = ALIGN (0x4)
 *(.isr_vector)
 .isr_vector    0x08000000       0x40 src/startup.o
                0x08000000                g_pfnVectors
                0x08000040                        . = ALIGN (0x4)

.text           0x08000040      0xbbc
                0x08000040                        . = ALIGN (0x4)
 *(.text)
 *(.text*)
 .text.Default_Handler
                0x08000040        0x2 src/startup.o
                0x08000040                BusFault_Handler
                0x08000040                HardFault_Handler
                0x08000040                SysTick_Handler
                0x08000040                PendSV_Handler
                0x08000040                NMI_Handler
                0x08000040                UsageFault_Handler
                0x08000040                Default_Handler
                0x08000040                MemManage_Handler
                0x08000040                SVC_Handler
                0x08000040                DebugMon_Handler
 *fill*         0x08000042        0x2 
 .text.Reset_Handler
                0x08000044       0x56 src/startup.o
                0x08000044                Reset_Handler
 *fill*         0x0800009a        0x2 
 .text.__aeabi_memcpy4
                0x0800009c       0x12 src/startup.o
                0x0800009c                __aeabi_memcpy4
 .text.__aeabi_memclr
                0x080000ae        0xc src/startup.o
                0x080000ae                __aeabi_memclr
 .text.__aeabi_memclr4
                0x080000ba        0xc src/startup.o
                0x080000ba                __aeabi_memclr4
 *fill*         0x080000c6        0x2 
 .text.main     0x080000c8       0xf2 src/main.o
                0x080000c8                main
 .text.adpcm_reset
                0x080001ba        0xa codec/adpcm.o
                0x080001ba                adpcm_reset
 .text.adpcm_encode
                0x080001c4      0x18c codec/adpcm.o
                0x080001c4                adpcm_encode
 .text.audio_i2s_init
                0x08000350      0x112 audio/audio_i2s.o
                0x08000350                audio_i2s_init
 .text.audio_i2s_start
                0x08000462       0x38 audio/audio_i2s.o
                0x08000462                audio_i2s_start
 .text.audio_i2s_stop
                0x0800049a       0x2c audio/audio_i2s.o
                0x0800049a                audio_i2s_stop
 .text.audio_i2s_get_frame
                0x080004c6       0x30 audio/audio_i2s.o
                0x080004c6                audio_i2s_get_frame
 .text.subghz_radio_init
                0x080004f6       0xf2 radio/subghz_radio.o
                0x080004f6                subghz_radio_init
 .text.subghz_write_cmd
                0x080005e8       0x5c radio/subghz_radio.o
 .text.subghz_radio_send_frame
                0x08000644       0xd8 radio/subghz_radio.o
                0x08000644                subghz_radio_send_frame
 .text.subghz_radio_receive_ack
                0x0800071c      0x15a radio/subghz_radio.o
                0x0800071c                subghz_radio_receive_ack
 .text.subghz_radio_sleep
                0x08000876       0x1a radio/subghz_radio.o
                0x08000876                subghz_radio_sleep
 .text.power_mgr_init
                0x08000890       0x9c power/power_mgr.o
                0x08000890                power_mgr_init
 .text.power_mgr_update
                0x0800092c       0xb6 power/power_mgr.o
                0x0800092c                power_mgr_update
 .text.power_mgr_sleep
                0x080009e2        0x4 power/power_mgr.o
                0x080009e2                power_mgr_sleep
 .text.led_ui_init
                0x080009e6       0x76 ui/led_ui.o
                0x080009e6                led_ui_init
 .text.led_ui_set_red
                0x08000a5c       0x14 ui/led_ui.o
                0x08000a5c                led_ui_set_red
 .text.led_ui_indicate_cmd
                0x08000a70       0x48 ui/led_ui.o
                0x08000a70                led_ui_indicate_cmd
 .text.led_ui_tick
                0x08000ab8       0x70 ui/led_ui.o
                0x08000ab8                led_ui_tick
 *(.rodata)
 *(.rodata*)
 .rodata.stepsizeTable
                0x08000b28       0xb2 codec/adpcm.o
 .rodata.cst16  0x08000bda       0x10 codec/adpcm.o
 .rodata..L__const.subghz_radio_init.pkt_params
                0x08000bea        0x9 radio/subghz_radio.o
 .rodata.str1.1
                0x08000bf3        0x5 radio/subghz_radio.o
 .rodata..L__const.subghz_radio_send_frame.tx_timeout
                0x08000bf8        0x3 radio/subghz_radio.o
                0x08000bfc                        . = ALIGN (0x4)
 *fill*         0x08000bfb        0x1 
                0x08000bfc                        _etext = .
                0x08000bfc                        _sidata = LOADADDR (.data)

.glue_7         0x08000bfc        0x0
 .glue_7        0x08000bfc        0x0 linker stubs

.glue_7t        0x08000bfc        0x0
 .glue_7t       0x08000bfc        0x0 linker stubs

.vfp11_veneer   0x08000bfc        0x0
 .vfp11_veneer  0x08000bfc        0x0 linker stubs

.v4_bx          0x08000bfc        0x0
 .v4_bx         0x08000bfc        0x0 linker stubs

.iplt           0x08000bfc        0x0
 .iplt          0x08000bfc        0x0 src/startup.o

.rel.dyn        0x08000bfc        0x0
 .rel.iplt      0x08000bfc        0x0 src/startup.o

.data           0x20000000        0xc load address 0x08000bfc
                0x20000000                        . = ALIGN (0x4)
                0x20000000                        _sdata = .
 *(.data)
 *(.data*)
 .data.s_current_status
                0x20000000        0xc power/power_mgr.o
                0x2000000c                        . = ALIGN (0x4)
                0x2000000c                        _edata = .

.igot.plt       0x2000000c        0x0 load address 0x08000c08
 .igot.plt      0x2000000c        0x0 src/startup.o

.bss            0x2000000c      0x2ac load address 0x08000c08
                0x2000000c                        . = ALIGN (0x4)
                0x2000000c                        _sbss = .
 *(.bss)
 *(.bss*)
 .bss.s_adpcm_encoder
                0x2000000c        0x4 src/main.o
 .bss.s_compressed_payload
                0x20000010       0x40 src/main.o
 .bss.s_packet_sequence
                0x20000050        0x1 src/main.o
 *fill*         0x20000051        0x3 
 .bss.s_power_status
                0x20000054        0xc src/main.o
 .bss.s_dma_audio_buffer
                0x20000060      0x200 audio/audio_i2s.o
 .bss.s_ready_buffer
                0x20000260        0x4 audio/audio_i2s.o
 .bss.s_is_running
                0x20000264        0x1 audio/audio_i2s.o
 .bss.s_radio_initialized
                0x20000265        0x1 radio/subghz_radio.o
 .bss.s_tx_packet
                0x20000266       0x48 radio/subghz_radio.o
 .bss.s_remaining_flashes
                0x200002ae        0x1 ui/led_ui.o
 *fill*         0x200002af        0x1 
 .bss.s_flash_timer_ms
                0x200002b0        0x4 ui/led_ui.o
 .bss.s_flash_phase
                0x200002b4        0x1 ui/led_ui.o
 *(COMMON)
                0x200002b8                        . = ALIGN (0x4)
 *fill*         0x200002b5        0x3 
                0x200002b8                        _ebss = .

/DISCARD/
 *(.ARM.exidx*)
 *(.note.gnu.build-id*)
LOAD src/startup.o
LOAD src/main.o
LOAD codec/adpcm.o
LOAD audio/audio_i2s.o
LOAD radio/subghz_radio.o
LOAD power/power_mgr.o
LOAD ui/led_ui.o
OUTPUT(Device1_Firmware.elf elf32-littlearm)
LOAD linker stubs

.comment        0x00000000       0x2f
 .comment       0x00000000       0x2f src/startup.o
                                 0x30 (size before relaxing)
 .comment       0x0000002f        0x0 src/main.o
                                 0x30 (size before relaxing)
 .comment       0x0000002f        0x0 codec/adpcm.o
                                 0x30 (size before relaxing)
 .comment       0x0000002f        0x0 audio/audio_i2s.o
                                 0x30 (size before relaxing)
 .comment       0x0000002f        0x0 radio/subghz_radio.o
                                 0x30 (size before relaxing)
 .comment       0x0000002f        0x0 power/power_mgr.o
                                 0x30 (size before relaxing)
 .comment       0x0000002f        0x0 ui/led_ui.o
                                 0x30 (size before relaxing)

.note.GNU-stack
                0x00000000        0x0
 .note.GNU-stack
                0x00000000        0x0 src/startup.o
 .note.GNU-stack
                0x00000000        0x0 src/main.o
 .note.GNU-stack
                0x00000000        0x0 codec/adpcm.o
 .note.GNU-stack
                0x00000000        0x0 audio/audio_i2s.o
 .note.GNU-stack
                0x00000000        0x0 radio/subghz_radio.o
 .note.GNU-stack
                0x00000000        0x0 power/power_mgr.o
 .note.GNU-stack
                0x00000000        0x0 ui/led_ui.o

.ARM.attributes
                0x00000000       0x3b
 .ARM.attributes
                0x00000000       0x41 src/startup.o
 .ARM.attributes
                0x00000041       0x41 src/main.o
 .ARM.attributes
                0x00000082       0x41 codec/adpcm.o
 .ARM.attributes
                0x000000c3       0x41 audio/audio_i2s.o
 .ARM.attributes
                0x00000104       0x41 radio/subghz_radio.o
 .ARM.attributes
                0x00000145       0x41 power/power_mgr.o
 .ARM.attributes
                0x00000186       0x41 ui/led_ui.o
